Archive member included because of file (symbol)

c:/program files (x86)/atmel/studio/7.0/toolchain/arm/arm-gnu-toolchain/bin/../lib/gcc/arm-none-eabi/4.9.3/../../../../arm-none-eabi/lib/armv7-m\libm.a(lib_a-s_ceil.o)
                              stepper.o (ceil)
c:/program files (x86)/atmel/studio/7.0/toolchain/arm/arm-gnu-toolchain/bin/../lib/gcc/arm-none-eabi/4.9.3/../../../../arm-none-eabi/lib/armv7-m\libm.a(lib_a-s_cos.o)
                              motion_control.o (cos)
c:/program files (x86)/atmel/studio/7.0/toolchain/arm/arm-gnu-toolchain/bin/../lib/gcc/arm-none-eabi/4.9.3/../../../../arm-none-eabi/lib/armv7-m\libm.a(lib_a-s_floor.o)
                              motion_control.o (floor)
c:/program files (x86)/atmel/studio/7.0/toolchain/arm/arm-gnu-toolchain/bin/../lib/gcc/arm-none-eabi/4.9.3/../../../../arm-none-eabi/lib/armv7-m\libm.a(lib_a-s_lround.o)
                              limits.o (lround)
c:/program files (x86)/atmel/studio/7.0/toolchain/arm/arm-gnu-toolchain/bin/../lib/gcc/arm-none-eabi/4.9.3/../../../../arm-none-eabi/lib/armv7-m\libm.a(lib_a-s_round.o)
                              gcode.o (round)
c:/program files (x86)/atmel/studio/7.0/toolchain/arm/arm-gnu-toolchain/bin/../lib/gcc/arm-none-eabi/4.9.3/../../../../arm-none-eabi/lib/armv7-m\libm.a(lib_a-s_sin.o)
                              motion_control.o (sin)
c:/program files (x86)/atmel/studio/7.0/toolchain/arm/arm-gnu-toolchain/bin/../lib/gcc/arm-none-eabi/4.9.3/../../../../arm-none-eabi/lib/armv7-m\libm.a(lib_a-s_trunc.o)
                              gcode.o (trunc)
c:/program files (x86)/atmel/studio/7.0/toolchain/arm/arm-gnu-toolchain/bin/../lib/gcc/arm-none-eabi/4.9.3/../../../../arm-none-eabi/lib/armv7-m\libm.a(lib_a-w_atan2.o)
                              motion_control.o (atan2)
c:/program files (x86)/atmel/studio/7.0/toolchain/arm/arm-gnu-toolchain/bin/../lib/gcc/arm-none-eabi/4.9.3/../../../../arm-none-eabi/lib/armv7-m\libm.a(lib_a-w_sqrt.o)
                              gcode.o (sqrt)
c:/program files (x86)/atmel/studio/7.0/toolchain/arm/arm-gnu-toolchain/bin/../lib/gcc/arm-none-eabi/4.9.3/../../../../arm-none-eabi/lib/armv7-m\libm.a(lib_a-e_atan2.o)
                              c:/program files (x86)/atmel/studio/7.0/toolchain/arm/arm-gnu-toolchain/bin/../lib/gcc/arm-none-eabi/4.9.3/../../../../arm-none-eabi/lib/armv7-m\libm.a(lib_a-w_atan2.o) (__ieee754_atan2)
c:/program files (x86)/atmel/studio/7.0/toolchain/arm/arm-gnu-toolchain/bin/../lib/gcc/arm-none-eabi/4.9.3/../../../../arm-none-eabi/lib/armv7-m\libm.a(lib_a-e_rem_pio2.o)
                              c:/program files (x86)/atmel/studio/7.0/toolchain/arm/arm-gnu-toolchain/bin/../lib/gcc/arm-none-eabi/4.9.3/../../../../arm-none-eabi/lib/armv7-m\libm.a(lib_a-s_cos.o) (__ieee754_rem_pio2)
c:/program files (x86)/atmel/studio/7.0/toolchain/arm/arm-gnu-toolchain/bin/../lib/gcc/arm-none-eabi/4.9.3/../../../../arm-none-eabi/lib/armv7-m\libm.a(lib_a-e_sqrt.o)
                              c:/program files (x86)/atmel/studio/7.0/toolchain/arm/arm-gnu-toolchain/bin/../lib/gcc/arm-none-eabi/4.9.3/../../../../arm-none-eabi/lib/armv7-m\libm.a(lib_a-w_sqrt.o) (__ieee754_sqrt)
c:/program files (x86)/atmel/studio/7.0/toolchain/arm/arm-gnu-toolchain/bin/../lib/gcc/arm-none-eabi/4.9.3/../../../../arm-none-eabi/lib/armv7-m\libm.a(lib_a-k_cos.o)
                              c:/program files (x86)/atmel/studio/7.0/toolchain/arm/arm-gnu-toolchain/bin/../lib/gcc/arm-none-eabi/4.9.3/../../../../arm-none-eabi/lib/armv7-m\libm.a(lib_a-s_cos.o) (__kernel_cos)
c:/program files (x86)/atmel/studio/7.0/toolchain/arm/arm-gnu-toolchain/bin/../lib/gcc/arm-none-eabi/4.9.3/../../../../arm-none-eabi/lib/armv7-m\libm.a(lib_a-k_rem_pio2.o)
                              c:/program files (x86)/atmel/studio/7.0/toolchain/arm/arm-gnu-toolchain/bin/../lib/gcc/arm-none-eabi/4.9.3/../../../../arm-none-eabi/lib/armv7-m\libm.a(lib_a-e_rem_pio2.o) (__kernel_rem_pio2)
c:/program files (x86)/atmel/studio/7.0/toolchain/arm/arm-gnu-toolchain/bin/../lib/gcc/arm-none-eabi/4.9.3/../../../../arm-none-eabi/lib/armv7-m\libm.a(lib_a-k_sin.o)
                              c:/program files (x86)/atmel/studio/7.0/toolchain/arm/arm-gnu-toolchain/bin/../lib/gcc/arm-none-eabi/4.9.3/../../../../arm-none-eabi/lib/armv7-m\libm.a(lib_a-s_cos.o) (__kernel_sin)
c:/program files (x86)/atmel/studio/7.0/toolchain/arm/arm-gnu-toolchain/bin/../lib/gcc/arm-none-eabi/4.9.3/../../../../arm-none-eabi/lib/armv7-m\libm.a(lib_a-s_atan.o)
                              c:/program files (x86)/atmel/studio/7.0/toolchain/arm/arm-gnu-toolchain/bin/../lib/gcc/arm-none-eabi/4.9.3/../../../../arm-none-eabi/lib/armv7-m\libm.a(lib_a-e_atan2.o) (atan)
c:/program files (x86)/atmel/studio/7.0/toolchain/arm/arm-gnu-toolchain/bin/../lib/gcc/arm-none-eabi/4.9.3/../../../../arm-none-eabi/lib/armv7-m\libm.a(lib_a-s_fabs.o)
[...]
Memory Configuration

Name             Origin             Length             Attributes
rom              0x00080000         0x00080000         xr
ram              0x20000000         0x00018000         xrw
*default*        0x00000000         0xffffffff

Linker script and memory map

LOAD c:/program files (x86)/atmel/studio/7.0/toolchain/arm/arm-gnu-toolchain/bin/../lib/gcc/arm-none-eabi/4.9.3/armv7-m/crti.o
LOAD c:/program files (x86)/atmel/studio/7.0/toolchain/arm/arm-gnu-toolchain/bin/../lib/gcc/arm-none-eabi/4.9.3/armv7-m/crtbegin.o
LOAD c:/program files (x86)/atmel/studio/7.0/toolchain/arm/arm-gnu-toolchain/bin/../lib/gcc/arm-none-eabi/4.9.3/../../../../arm-none-eabi/lib/armv7-m/crt0.o
LOAD coolant_control.o
LOAD Device_Startup/startup_sam3xa.o
LOAD Device_Startup/system_sam3xa.o
LOAD eeprom.o
LOAD efc.o
LOAD FatFS/diskio.o
LOAD FatFS/fattime_rtc.o
LOAD FatFS/ff.o
LOAD FatFS/LinkedList.o
LOAD flash_efc.o
LOAD flash_storage.o
LOAD gcode.o
LOAD limits.o
LOAD main.o
LOAD motion_control.o
LOAD nuts_bolts.o
LOAD planner.o
LOAD print.o
LOAD probe.o
LOAD protocol.o
LOAD ra8875.o
LOAD report.o
LOAD serial.o
LOAD settings.o
LOAD spindle_control.o
LOAD stepper.o
LOAD syscall.o
LOAD system.o
LOAD utils.o
START GROUP
LOAD c:/program files (x86)/atmel/studio/7.0/toolchain/arm/arm-gnu-toolchain/bin/../lib/gcc/arm-none-eabi/4.9.3/../../../../arm-none-eabi/lib/armv7-m\libm.a
END GROUP
START GROUP
LOAD c:/program files (x86)/atmel/studio/7.0/toolchain/arm/arm-gnu-toolchain/bin/../lib/gcc/arm-none-eabi/4.9.3/armv7-m\libgcc.a
LOAD c:/program files (x86)/atmel/studio/7.0/toolchain/arm/arm-gnu-toolchain/bin/../lib/gcc/arm-none-eabi/4.9.3/../../../../arm-none-eabi/lib/armv7-m\libc.a
END GROUP
LOAD c:/program files (x86)/atmel/studio/7.0/toolchain/arm/arm-gnu-toolchain/bin/../lib/gcc/arm-none-eabi/4.9.3/armv7-m/crtend.o
LOAD c:/program files (x86)/atmel/studio/7.0/toolchain/arm/arm-gnu-toolchain/bin/../lib/gcc/arm-none-eabi/4.9.3/armv7-m/crtn.o
                0x00000400                STACK_SIZE = DEFINED (STACK_SIZE)?STACK_SIZE:0x400
                0x00002000                HEAP_SIZE = DEFINED (HEAP_SIZE)?HEAP_SIZE:0x2000
                0x20017ffc                __ram_end__ = ((ORIGIN (ram) + 0x18000) - 0x4)

.text           0x00080000    0x12404
                0x00080000                . = ALIGN (0x4)
                0x00080000                _sfixed = .
 *(.vectors .vectors.*)
 .vectors       0x00080000       0xf4 Device_Startup/startup_sam3xa.o
                0x00080000                exception_table
 *(.text .text.* .gnu.linkonce.t.*)
 .text          0x000800f4       0x5c c:/program files (x86)/atmel/studio/7.0/toolchain/arm/arm-gnu-toolchain/bin/../lib/gcc/arm-none-eabi/4.9.3/armv7-m/crtbegin.o
 .text.coolant_stop
                0x00080150       0x10 coolant_control.o
                0x00080150                coolant_stop
 .text.coolant_init
                0x00080160       0x1c coolant_control.o
                0x00080160                coolant_init
 .text.coolant_set_state
                0x0008017c       0x20 coolant_control.o
                0x0008017c                coolant_set_state
 .text.coolant_run
                0x0008019c       0x28 coolant_control.o
                0x0008019c                coolant_run
 .text.Dummy_Handler
                0x000801c4        0x4 Device_Startup/startup_sam3xa.o
                0x000801c4                DACC_Handler
                0x000801c4                DebugMon_Handler
                0x000801c4                DMAC_Handler
                0x000801c4                TRNG_Handler
                0x000801c4                HardFault_Handler
                0x000801c4                SysTick_Handler
                0x000801c4                USART3_Handler
                0x000801c4                TWI1_Handler
                0x000801c4                PendSV_Handler
                0x000801c4                NMI_Handler
                0x000801c4                TC7_Handler
                0x000801c4                ADC_Handler
                0x000801c4                SMC_Handler
                0x000801c4                USART0_Handler
                0x000801c4                RTT_Handler
                0x000801c4                EFC1_Handler
                0x000801c4                PIOB_Handler
                0x000801c4                RTC_Handler
                0x000801c4                UsageFault_Handler
                0x000801c4                TC6_Handler
                0x000801c4                WDT_Handler
                0x000801c4                CAN0_Handler
                0x000801c4                TC4_Handler
                0x000801c4                TC1_Handler
                0x000801c4                HSMCI_Handler
                0x000801c4                Dummy_Handler
                0x000801c4                TWI0_Handler
                0x000801c4                USART1_Handler
                0x000801c4                PIOA_Handler
                0x000801c4                SSC_Handler
                0x000801c4                EFC0_Handler
                0x000801c4                PMC_Handler
                0x000801c4                PWM_Handler
                0x000801c4                CAN1_Handler
                0x000801c4                MemManage_Handler
                0x000801c4                SUPC_Handler
                0x000801c4                SVC_Handler
                0x000801c4                TC8_Handler
                0x000801c4                USART2_Handler
                0x000801c4                PIOD_Handler
                0x000801c4                EMAC_Handler
                0x000801c4                UART_Handler
                0x000801c4                PIOC_Handler
                0x000801c4                BusFault_Handler
                0x000801c4                RSTC_Handler
                0x000801c4                TC5_Handler
                0x000801c4                UOTGHS_Handler
                0x000801c4                SPI0_Handler
 .text.Reset_Handler
                0x000801c8       0x9c Device_Startup/startup_sam3xa.o
                0x000801c8                Reset_Handler
 .text.SystemInit
                0x00080264       0xa4 Device_Startup/system_sam3xa.o
                0x00080264                SystemInit
 .text.eeprom_get_char
                0x00080308        0x4 eeprom.o
                0x00080308                eeprom_get_char
 .text.eeprom_put_char
                0x0008030c        0x4 eeprom.o
                0x0008030c                eeprom_put_char
 .text.memcpy_to_eeprom_with_checksum
                0x00080310       0x24 eeprom.o
                0x00080310                memcpy_to_eeprom_with_checksum
 .text.memcpy_from_eeprom_with_checksum
                0x00080334       0x14 eeprom.o
                0x00080334                memcpy_from_eeprom_with_checksum
 .text.efc_init
                0x00080348       0x10 efc.o
                0x00080348                efc_init
 .text.efc_set_wait_state
                0x00080358       0x14 efc.o
                0x00080358                efc_set_wait_state
 .text.efc_get_wait_state
                0x0008036c        0x8 efc.o
                0x0008036c                efc_get_wait_state
 .text.efc_perform_command
                0x00080374       0x4c efc.o
                0x00080374                efc_perform_command
 .text.crc7_one
                0x000803c0       0x18 FatFS/diskio.o
 .text.SPIWrite
                0x000803d8       0x30 FatFS/diskio.o
                0x000803d8                SPIWrite
 .text.sd_cmd   0x00080408       0x68 FatFS/diskio.o
 .text.sd_get_r1
                0x00080470       0x20 FatFS/diskio.o
 .text.sd_get_r7
                0x00080490       0x44 FatFS/diskio.o
 .text.sd_nec   0x000804d4       0x18 FatFS/diskio.o
 .text.sd_init  0x000804ec      0x328 FatFS/diskio.o
 .text.sd_read_status
                0x00080814       0x78 FatFS/diskio.o
 .text.crc16    0x0008088c       0x3c FatFS/diskio.o
                0x0008088c                crc16
 .text.sd_get_data
                0x000808c8       0x7c FatFS/diskio.o
 .text.sd_readsector
                0x00080944       0x94 FatFS/diskio.o
 .text.sd_writesector
                0x000809d8      0x120 FatFS/diskio.o
 .text.hwif_init
                0x00080af8      0x20c FatFS/diskio.o
                0x00080af8                hwif_init
 .text.disk_initialize
                0x00080d04       0x18 FatFS/diskio.o
                0x00080d04                disk_initialize
 .text.disk_status
                0x00080d1c       0x10 FatFS/diskio.o
                0x00080d1c                disk_status
 .text.sd_read  0x00080d2c       0x4c FatFS/diskio.o
                0x00080d2c                sd_read
 .text.disk_read
                0x00080d78       0x40 FatFS/diskio.o
                0x00080d78                disk_read
 .text.sd_write
                0x00080db8       0x4c FatFS/diskio.o
                0x00080db8                sd_write
 .text.disk_write
                0x00080e04       0x40 FatFS/diskio.o
                0x00080e04                disk_write
 .text.clust2sect
                0x00080e44       0x18 FatFS/ff.o
 .text.sum_sfn  0x00080e5c       0x20 FatFS/ff.o
 .text.validate
                0x00080e7c       0x34 FatFS/ff.o
 .text.check_fs
                0x00080eb0       0x90 FatFS/ff.o
 .text.chk_mounted
                0x00080f40      0x38c FatFS/ff.o
 .text.move_window
                0x000812cc       0x90 FatFS/ff.o
 .text.get_fat  0x0008135c       0xf0 FatFS/ff.o
 .text.dir_sdi  0x0008144c       0xa0 FatFS/ff.o
 .text.put_fat  0x000814ec      0x138 FatFS/ff.o
 .text.create_chain
                0x00081624       0xd4 FatFS/ff.o
 .text.dir_next
                0x000816f8      0x144 FatFS/ff.o
 .text.dir_read
                0x0008183c      0x134 FatFS/ff.o
 .text.get_fileinfo
                0x00081970      0x140 FatFS/ff.o
 .text.ff_wtoupper
                0x00081ab0       0x34 FatFS/ff.o
                0x00081ab0                ff_wtoupper
 .text.dir_find
                0x00081ae4      0x1cc FatFS/ff.o
 .text.follow_path
                0x00081cb0      0x300 FatFS/ff.o
 .text.f_mount  0x00081fb0       0x28 FatFS/ff.o
                0x00081fb0                f_mount
 .text.f_opendir
                0x00081fd8       0x84 FatFS/ff.o
                0x00081fd8                f_opendir
 .text.f_readdir
                0x0008205c       0x7c FatFS/ff.o
                0x0008205c                f_readdir
 .text.ll_add_ABC
                0x000820d8       0xc4 FatFS/LinkedList.o
                0x000820d8                ll_add_ABC
 .text.ll_count
                0x0008219c        0xc FatFS/LinkedList.o
                0x0008219c                ll_count
 .text.ll_item  0x000821a8       0x28 FatFS/LinkedList.o
                0x000821a8                ll_item
 .text.ll_clear
                0x000821d0       0x3c FatFS/LinkedList.o
                0x000821d0                ll_clear
 .text.translate_address
                0x0008220c       0x3c flash_efc.o
 .text.flash_init
                0x00082248       0x28 flash_efc.o
                0x00082248                flash_init
 .text.flash_write
                0x00082270       0xfc flash_efc.o
                0x00082270                flash_write
 .text.flash_lock
                0x0008236c       0x74 flash_efc.o
                0x0008236c                flash_lock
 .text.flash_unlock
                0x000823e0       0x74 flash_efc.o
                0x000823e0                flash_unlock
 .text.my_flash_init
                0x00082454       0x10 flash_storage.o
                0x00082454                my_flash_init
 .text.flash_read_8
                0x00082464        0x8 flash_storage.o
                0x00082464                flash_read_8
 .text.flash_write_buffer
                0x0008246c       0x74 flash_storage.o
                0x0008246c                flash_write_buffer
 .text.gc_init  0x000824e0       0x34 gcode.o
                0x000824e0                gc_init
 .text.gc_sync_position
                0x00082514       0x18 gcode.o
                0x00082514                gc_sync_position
 *fill*         0x0008252c        0x4 
 .text.gc_execute_line
                0x00082530     0x1218 gcode.o
                0x00082530                gc_execute_line
 .text.limits_init
                0x00083748        0x4 limits.o
                0x00083748                limits_init
 .text.limits_disable
                0x0008374c        0x4 limits.o
                0x0008374c                limits_disable
 .text.limits_get_state
                0x00083750        0x4 limits.o
                0x00083750                limits_get_state
 .text.limits_go_home
                0x00083754      0x278 limits.o
                0x00083754                limits_go_home
 .text.limits_soft_check
                0x000839cc        0x4 limits.o
                0x000839cc                limits_soft_check
 .text.main     0x000839d0      0x49c main.o
                0x000839d0                main
 .text.mc_line  0x00083e6c       0x64 motion_control.o
                0x00083e6c                mc_line
 .text.mc_arc   0x00083ed0      0x3b8 motion_control.o
                0x00083ed0                mc_arc
 .text.mc_dwell
                0x00084288       0xa4 motion_control.o
                0x00084288                mc_dwell
 .text.mc_homing_cycle
                0x0008432c       0x3c motion_control.o
                0x0008432c                mc_homing_cycle
 .text.mc_probe_cycle
                0x00084368      0x104 motion_control.o
                0x00084368                mc_probe_cycle
 .text.mc_reset
                0x0008446c       0x60 motion_control.o
                0x0008446c                mc_reset
 *fill*         0x000844cc        0x4 
 .text.read_float
                0x000844d0      0x14c nuts_bolts.o
                0x000844d0                read_float
 .text.hypot_f  0x0008461c       0x44 nuts_bolts.o
                0x0008461c                hypot_f
 .text.planner_recalculate
                0x00084660      0x1c0 planner.o
 .text.plan_reset
                0x00084820       0x34 planner.o
                0x00084820                plan_reset
 .text.plan_discard_current_block
                0x00084854       0x30 planner.o
                0x00084854                plan_discard_current_block
 .text.plan_get_current_block
                0x00084884       0x20 planner.o
                0x00084884                plan_get_current_block
 .text.plan_get_exec_block_exit_speed
                0x000848a4       0x4c planner.o
                0x000848a4                plan_get_exec_block_exit_speed
 .text.plan_check_full_buffer
                0x000848f0       0x18 planner.o
                0x000848f0                plan_check_full_buffer
 .text.plan_buffer_line
                0x00084908      0x3b4 planner.o
                0x00084908                plan_buffer_line
 .text.plan_sync_position
                0x00084cbc       0x20 planner.o
                0x00084cbc                plan_sync_position
 .text.plan_get_block_buffer_count
                0x00084cdc       0x18 planner.o
                0x00084cdc                plan_get_block_buffer_count
 .text.plan_cycle_reinitialize
                0x00084cf4       0x20 planner.o
                0x00084cf4                plan_cycle_reinitialize
 .text.printString
                0x00084d14       0x1c print.o
                0x00084d14                printString
 .text.print_unsigned_int8
                0x00084d30       0x50 print.o
                0x00084d30                print_unsigned_int8
 .text.print_uint8_base2
                0x00084d80       0x10 print.o
                0x00084d80                print_uint8_base2
 .text.print_uint8_base10
                0x00084d90       0x20 print.o
                0x00084d90                print_uint8_base10
 .text.printFloat
                0x00084db0      0x10c print.o
                0x00084db0                printFloat
 *fill*         0x00084ebc        0x4 
 .text.printFloat_CoordValue
                0x00084ec0       0x4c print.o
                0x00084ec0                printFloat_CoordValue
 *fill*         0x00084f0c        0x4 
 .text.printFloat_RateValue
                0x00084f10       0x4c print.o
                0x00084f10                printFloat_RateValue
 .text.printFloat_SettingValue
                0x00084f5c       0x10 print.o
                0x00084f5c                printFloat_SettingValue
 .text.probe_init
                0x00084f6c       0x18 probe.o
                0x00084f6c                probe_init
 .text.probe_configure_invert_mask
                0x00084f84       0x2c probe.o
                0x00084f84                probe_configure_invert_mask
 .text.probe_get_state
                0x00084fb0       0x18 probe.o
                0x00084fb0                probe_get_state
 .text.probe_state_monitor
                0x00084fc8       0x48 probe.o
                0x00084fc8                probe_state_monitor
 .text.protocol_execute_realtime
                0x00085010      0x2ec protocol.o
                0x00085010                protocol_execute_realtime
 .text.protocol_execute_line
                0x000852fc       0x5c protocol.o
                0x000852fc                protocol_execute_line
 .text.protocol_auto_cycle_start
                0x00085358       0x10 protocol.o
                0x00085358                protocol_auto_cycle_start
 .text.protocol_buffer_synchronize
                0x00085368       0x30 protocol.o
                0x00085368                protocol_buffer_synchronize
 .text.SlovakTo852
                0x00085398       0x48 ra8875.o
                0x00085398                SlovakTo852
 .text.PosR     0x000853e0       0x28 ra8875.o
                0x000853e0                PosR
 .text.LCD_SPIWrite
                0x00085408       0x30 ra8875.o
                0x00085408                LCD_SPIWrite
 .text.tft_writeData
                0x00085438       0x38 ra8875.o
                0x00085438                tft_writeData
 .text.tft_readData
                0x00085470       0x34 ra8875.o
                0x00085470                tft_readData
 .text.tft_writeCommand
                0x000854a4       0x38 ra8875.o
                0x000854a4                tft_writeCommand
 .text.tft_textMode
                0x000854dc       0x40 ra8875.o
                0x000854dc                tft_textMode
 .text.tft_textSetCursor
                0x0008551c       0x34 ra8875.o
                0x0008551c                tft_textSetCursor
 .text.tft_textColor
                0x00085550       0x60 ra8875.o
                0x00085550                tft_textColor
 .text.tft_textEnlarge
                0x000855b0       0x3c ra8875.o
                0x000855b0                tft_textEnlarge
 .text.tft_textWriteRaw
                0x000855ec       0x8c ra8875.o
                0x000855ec                tft_textWriteRaw
 .text.tft_textWrite
                0x00085678      0x1fc ra8875.o
                0x00085678                tft_textWrite
 .text.tft_graphicsMode
                0x00085874       0x2c ra8875.o
                0x00085874                tft_graphicsMode
 .text.tft_graphicCursorEnable
                0x000858a0       0x18 ra8875.o
                0x000858a0                tft_graphicCursorEnable
 .text.tft_graphicCursorType
                0x000858b8       0xa4 ra8875.o
                0x000858b8                tft_graphicCursorType
 .text.tft_graphicCursorDisable
                0x0008595c       0x18 ra8875.o
                0x0008595c                tft_graphicCursorDisable
 .text.tft_graphicCursor
                0x00085974       0x6c ra8875.o
                0x00085974                tft_graphicCursor
 .text.tft_writeReg
                0x000859e0       0x18 ra8875.o
                0x000859e0                tft_writeReg
 .text.tft_PLLinit
                0x000859f8       0x24 ra8875.o
                0x000859f8                tft_PLLinit
 .text.tft_initialize
                0x00085a1c       0xe4 ra8875.o
                0x00085a1c                tft_initialize
 .text.tft_GPIOX
                0x00085b00       0x1c ra8875.o
                0x00085b00                tft_GPIOX
 .text.tft_PWM1out
                0x00085b1c       0x10 ra8875.o
                0x00085b1c                tft_PWM1out
 .text.tft_displayOn
                0x00085b2c       0x1c ra8875.o
                0x00085b2c                tft_displayOn
 .text.tft_readReg
                0x00085b48       0x14 ra8875.o
                0x00085b48                tft_readReg
 .text.tft_waitPoll
                0x00085b5c       0x18 ra8875.o
                0x00085b5c                tft_waitPoll
 .text.tft_touchEnable
                0x00085b74       0x44 ra8875.o
                0x00085b74                tft_touchEnable
 .text.tft_istouched
                0x00085bb8       0x28 ra8875.o
                0x00085bb8                tft_istouched
 .text.tft_touchRead
                0x00085be0       0x48 ra8875.o
                0x00085be0                tft_touchRead
 .text.tft_circleHelper
                0x00085c28       0x8c ra8875.o
                0x00085c28                tft_circleHelper
 .text.tft_drawCircle
                0x00085cb4       0x14 ra8875.o
                0x00085cb4                tft_drawCircle
 .text.tft_rectHelperRound
                0x00085cc8      0x114 ra8875.o
                0x00085cc8                tft_rectHelperRound
 .text.tft_fillRect
                0x00085ddc       0x28 ra8875.o
                0x00085ddc                tft_fillRect
 .text.tft_fillRectRound
                0x00085e04       0x28 ra8875.o
                0x00085e04                tft_fillRectRound
 .text.tft_fillScreen
                0x00085e2c       0x40 ra8875.o
                0x00085e2c                tft_fillScreen
 .text.tft_triangleHelper
                0x00085e6c       0xe4 ra8875.o
                0x00085e6c                tft_triangleHelper
 .text.tft_fillTriangle
                0x00085f50       0x28 ra8875.o
                0x00085f50                tft_fillTriangle
 .text.tft_caption_draw
                0x00085f78      0x278 ra8875.o
                0x00085f78                tft_caption_draw
 .text.tft_frame_draw
                0x000861f0      0x17c ra8875.o
                0x000861f0                tft_frame_draw
 .text.tft_touched
                0x0008636c      0x374 ra8875.o
                0x0008636c                tft_touched
 .text.tft_untouched
                0x000866e0       0x88 ra8875.o
                0x000866e0                tft_untouched
 .text.tft_delete_all_objects
                0x00086768       0x44 ra8875.o
                0x00086768                tft_delete_all_objects
 .text.tft_add_object
                0x000867ac       0xe0 ra8875.o
                0x000867ac                tft_add_object
 .text.tft_button
                0x0008688c       0x44 ra8875.o
                0x0008688c                tft_button
 .text.tft_drawcalcbuttons
                0x000868d0      0x198 ra8875.o
                0x000868d0                tft_drawcalcbuttons
 .text.TC0_Handler
                0x00086a68       0x20 ra8875.o
                0x00086a68                TC0_Handler
 .text.tft_InitTimer
                0x00086a88       0x48 ra8875.o
                0x00086a88                tft_InitTimer
 .text.tft_init
                0x00086ad0      0x16c ra8875.o
                0x00086ad0                tft_init
 .text.tft_calibrate_load
                0x00086c3c       0x3c ra8875.o
                0x00086c3c                tft_calibrate_load
 .text.beep     0x00086c78       0x30 ra8875.o
                0x00086c78                beep
 .text.setCalibrationMatrix
                0x00086ca8      0x128 ra8875.o
                0x00086ca8                setCalibrationMatrix
 .text.getDisplayPoint
                0x00086dd0       0x48 ra8875.o
                0x00086dd0                getDisplayPoint
 .text.tft_GetTouch
                0x00086e18       0x9c ra8875.o
                0x00086e18                tft_GetTouch
 .text.tft_draw_press_unpress
                0x00086eb4       0xb4 ra8875.o
                0x00086eb4                tft_draw_press_unpress
 .text.tft_GetInt
                0x00086f68      0x264 ra8875.o
                0x00086f68                tft_GetInt
 .text.tft_calibrate_touch
                0x000871cc      0x124 ra8875.o
                0x000871cc                tft_calibrate_touch
 .text.report_status_message
                0x000872f0      0x108 report.o
                0x000872f0                report_status_message
 .text.report_alarm_message
                0x000873f8       0x74 report.o
                0x000873f8                report_alarm_message
 .text.report_feedback_message
                0x0008746c       0x90 report.o
                0x0008746c                report_feedback_message
 .text.report_grbl_help
                0x000874fc       0x14 report.o
                0x000874fc                report_grbl_help
 .text.report_grbl_settings
                0x00087510      0x388 report.o
                0x00087510                report_grbl_settings
 .text.report_probe_parameters
                0x00087898       0x6c report.o
                0x00087898                report_probe_parameters
 .text.report_ngc_parameters
                0x00087904      0x104 report.o
                0x00087904                report_ngc_parameters
 .text.report_gcode_modes
                0x00087a08      0x1cc report.o
                0x00087a08                report_gcode_modes
 .text.report_startup_line
                0x00087bd4       0x34 report.o
                0x00087bd4                report_startup_line
 .text.report_build_info
                0x00087c08       0x20 report.o
                0x00087c08                report_build_info
 .text.report_realtime_status
                0x00087c28      0x200 report.o
                0x00087c28                report_realtime_status
 .text.serial_get_rx_buffer_count
                0x00087e28       0x18 serial.o
                0x00087e28                serial_get_rx_buffer_count
 .text.serial_write
                0x00087e40        0x4 serial.o
                0x00087e40                serial_write
 .text.serial_reset_read_buffer
                0x00087e44        0xc serial.o
                0x00087e44                serial_reset_read_buffer
 .text.settings_store_startup_line
                0x00087e50       0x1c settings.o
                0x00087e50                settings_store_startup_line
 .text.settings_store_build_info
                0x00087e6c       0x14 settings.o
                0x00087e6c                settings_store_build_info
 .text.settings_write_coord_data
                0x00087e80       0x1c settings.o
                0x00087e80                settings_write_coord_data
 .text.write_global_settings
                0x00087e9c       0x24 settings.o
                0x00087e9c                write_global_settings
 .text.settings_restore
                0x00087ec0       0xfc settings.o
                0x00087ec0                settings_restore
 .text.settings_read_startup_line
                0x00087fbc       0x38 settings.o
                0x00087fbc                settings_read_startup_line
 .text.settings_read_build_info
                0x00087ff4       0x2c settings.o
                0x00087ff4                settings_read_build_info
 .text.settings_read_coord_data
                0x00088020       0x68 settings.o
                0x00088020                settings_read_coord_data
 .text.read_global_settings
                0x00088088       0x30 settings.o
                0x00088088                read_global_settings
 .text.settings_store_global_setting
                0x000880b8      0x268 settings.o
                0x000880b8                settings_store_global_setting
 .text.settings_init
                0x00088320       0x2c settings.o
                0x00088320                settings_init
 .text.get_step_pin_mask
                0x0008834c       0x10 settings.o
                0x0008834c                get_step_pin_mask
 .text.get_direction_pin_mask
                0x0008835c       0x10 settings.o
                0x0008835c                get_direction_pin_mask
 .text.spindle_stop
                0x0008836c       0x10 spindle_control.o
                0x0008836c                spindle_stop
 .text.spindle_init
                0x0008837c       0x24 spindle_control.o
                0x0008837c                spindle_init
 .text.spindle_set_state
                0x000883a0       0x30 spindle_control.o
                0x000883a0                spindle_set_state
 .text.spindle_run
                0x000883d0       0x28 spindle_control.o
                0x000883d0                spindle_run
 .text.DoOutPort
                0x000883f8       0xe4 stepper.o
                0x000883f8                DoOutPort
 .text.st_wake_up
                0x000884dc       0x80 stepper.o
                0x000884dc                st_wake_up
 .text.st_go_idle
                0x0008855c       0x94 stepper.o
                0x0008855c                st_go_idle
 .text.TC3_Handler
                0x000885f0      0x204 stepper.o
                0x000885f0                TC3_Handler
 .text.TC2_Handler
                0x000887f4       0x14 stepper.o
                0x000887f4                TC2_Handler
 .text.st_generate_step_dir_invert_masks
                0x00088808       0x70 stepper.o
                0x00088808                st_generate_step_dir_invert_masks
 .text.st_reset
                0x00088878       0x7c stepper.o
                0x00088878                st_reset
 .text.stepper_init
                0x000888f4       0xf8 stepper.o
                0x000888f4                stepper_init
 .text.st_update_plan_block_parameters
                0x000889ec       0x30 stepper.o
                0x000889ec                st_update_plan_block_parameters
 *fill*         0x00088a1c        0x4 
 .text.st_prep_buffer
                0x00088a20      0x7c0 stepper.o
                0x00088a20                st_prep_buffer
 .text._sbrk    0x000891e0       0x34 syscall.o
                0x000891e0                _sbrk
 .text.system_init
                0x00089214       0x18 system.o
                0x00089214                system_init
 .text.system_check_safety_door_ajar
                0x0008922c        0x4 system.o
                0x0008922c                system_check_safety_door_ajar
 .text.system_execute_startup
                0x00089230       0x4c system.o
                0x00089230                system_execute_startup
 .text.system_execute_line
                0x0008927c      0x3a8 system.o
                0x0008927c                system_execute_line
 .text.system_convert_axis_steps_to_mpos
                0x00089624       0x24 system.o
                0x00089624                system_convert_axis_steps_to_mpos
 .text.system_convert_array_steps_to_mpos
                0x00089648       0x20 system.o
                0x00089648                system_convert_array_steps_to_mpos
 .text._delay_us
                0x00089668       0x20 utils.o
                0x00089668                _delay_us
 .text.delay_ms
                0x00089688       0x1c utils.o
                0x00089688                delay_ms
 .text._delay_ms
                0x000896a4        0xc utils.o
                0x000896a4                _delay_ms
 .text.get_heap_free_size1
                0x000896b0       0x40 utils.o
                0x000896b0                get_heap_free_size1
 .text.init_grbl
                0x000896f0       0x70 utils.o
                0x000896f0                init_grbl
 .text.draw_pos
                0x00089760       0xb8 utils.o
                0x00089760                draw_pos
 .text.scan_files
                0x00089818       0xf4 utils.o
                0x00089818                scan_files
 .text.select_file
                0x0008990c      0x4dc utils.o
                0x0008990c                select_file
 .text.ceil     0x00089de8      0x110 c:/program files (x86)/atmel/studio/7.0/toolchain/arm/arm-gnu-toolchain/bin/../lib/gcc/arm-none-eabi/4.9.3/../../../../arm-none-eabi/lib/armv7-m\libm.a(lib_a-s_ceil.o)
                0x00089de8                ceil
 .text.cos      0x00089ef8       0x90 c:/program files (x86)/atmel/studio/7.0/toolchain/arm/arm-gnu-toolchain/bin/../lib/gcc/arm-none-eabi/4.9.3/../../../../arm-none-eabi/lib/armv7-m\libm.a(lib_a-s_cos.o)
                0x00089ef8                cos
 .text.floor    0x00089f88      0x118 c:/program files (x86)/atmel/studio/7.0/toolchain/arm/arm-gnu-toolchain/bin/../lib/gcc/arm-none-eabi/4.9.3/../../../../arm-none-eabi/lib/armv7-m\libm.a(lib_a-s_floor.o)
                0x00089f88                floor
 .text.lround   0x0008a0a0       0x90 c:/program files (x86)/atmel/studio/7.0/toolchain/arm/arm-gnu-toolchain/bin/../lib/gcc/arm-none-eabi/4.9.3/../../../../arm-none-eabi/lib/armv7-m\libm.a(lib_a-s_lround.o)
                0x0008a0a0                lround
 .text.round    0x0008a130       0xa0 c:/program files (x86)/atmel/studio/7.0/toolchain/arm/arm-gnu-toolchain/bin/../lib/gcc/arm-none-eabi/4.9.3/../../../../arm-none-eabi/lib/armv7-m\libm.a(lib_a-s_round.o)
                0x0008a130                round
 .text.sin      0x0008a1d0       0x94 c:/program files (x86)/atmel/studio/7.0/toolchain/arm/arm-gnu-toolchain/bin/../lib/gcc/arm-none-eabi/4.9.3/../../../../arm-none-eabi/lib/armv7-m\libm.a(lib_a-s_sin.o)
                0x0008a1d0                sin
 .text.trunc    0x0008a264       0x74 c:/program files (x86)/atmel/studio/7.0/toolchain/arm/arm-gnu-toolchain/bin/../lib/gcc/arm-none-eabi/4.9.3/../../../../arm-none-eabi/lib/armv7-m\libm.a(lib_a-s_trunc.o)
                0x0008a264                trunc
 .text.atan2    0x0008a2d8        0x4 c:/program files (x86)/atmel/studio/7.0/toolchain/arm/arm-gnu-toolchain/bin/../lib/gcc/arm-none-eabi/4.9.3/../../../../arm-none-eabi/lib/armv7-m\libm.a(lib_a-w_atan2.o)
                0x0008a2d8                atan2
 .text.sqrt     0x0008a2dc       0xac c:/program files (x86)/atmel/studio/7.0/toolchain/arm/arm-gnu-toolchain/bin/../lib/gcc/arm-none-eabi/4.9.3/../../../../arm-none-eabi/lib/armv7-m\libm.a(lib_a-w_sqrt.o)
                0x0008a2dc                sqrt
 .text.__ieee754_atan2
                0x0008a388      0x1b4 c:/program files (x86)/atmel/studio/7.0/toolchain/arm/arm-gnu-toolchain/bin/../lib/gcc/arm-none-eabi/4.9.3/../../../../arm-none-eabi/lib/armv7-m\libm.a(lib_a-e_atan2.o)
                0x0008a388                __ieee754_atan2
 *fill*         0x0008a53c        0x4 
 .text.__ieee754_rem_pio2
                0x0008a540      0x424 c:/program files (x86)/atmel/studio/7.0/toolchain/arm/arm-gnu-toolchain/bin/../lib/gcc/arm-none-eabi/4.9.3/../../../../arm-none-eabi/lib/armv7-m\libm.a(lib_a-e_rem_pio2.o)
                0x0008a540                __ieee754_rem_pio2
 .text.__ieee754_sqrt
                0x0008a964      0x18c c:/program files (x86)/atmel/studio/7.0/toolchain/arm/arm-gnu-toolchain/bin/../lib/gcc/arm-none-eabi/4.9.3/../../../../arm-none-eabi/lib/armv7-m\libm.a(lib_a-e_sqrt.o)
                0x0008a964                __ieee754_sqrt
 .text.__kernel_cos
                0x0008aaf0      0x248 c:/program files (x86)/atmel/studio/7.0/toolchain/arm/arm-gnu-toolchain/bin/../lib/gcc/arm-none-eabi/4.9.3/../../../../arm-none-eabi/lib/armv7-m\libm.a(lib_a-k_cos.o)
                0x0008aaf0                __kernel_cos
 .text.__kernel_rem_pio2
                0x0008ad38      0x808 c:/program files (x86)/atmel/studio/7.0/toolchain/arm/arm-gnu-toolchain/bin/../lib/gcc/arm-none-eabi/4.9.3/../../../../arm-none-eabi/lib/armv7-m\libm.a(lib_a-k_rem_pio2.o)
                0x0008ad38                __kernel_rem_pio2
 .text.__kernel_sin
                0x0008b540      0x16c c:/program files (x86)/atmel/studio/7.0/toolchain/arm/arm-gnu-toolchain/bin/../lib/gcc/arm-none-eabi/4.9.3/../../../../arm-none-eabi/lib/armv7-m\libm.a(lib_a-k_sin.o)
                0x0008b540                __kernel_sin
 *fill*         0x0008b6ac        0x4 
 .text.atan     0x0008b6b0      0x334 c:/program files (x86)/atmel/studio/7.0/toolchain/arm/arm-gnu-toolchain/bin/../lib/gcc/arm-none-eabi/4.9.3/../../../../arm-none-eabi/lib/armv7-m\libm.a(lib_a-s_atan.o)
                0x0008b6b0                atan
 .text.fabs     0x0008b9e4        0x8 c:/program files (x86)/atmel/studio/7.0/toolchain/arm/arm-gnu-toolchain/bin/../lib/gcc/arm-none-eabi/4.9.3/../../../../arm-none-eabi/lib/armv7-m\libm.a(lib_a-s_fabs.o)
                0x0008b9e4                fabs
 .text.__fpclassifyd
                0x0008b9ec       0x58 c:/program files (x86)/atmel/studio/7.0/toolchain/arm/arm-gnu-toolchain/bin/../lib/gcc/arm-none-eabi/4.9.3/../../../../arm-none-eabi/lib/armv7-m\libm.a(lib_a-s_fpclassify.o)
                0x0008b9ec                __fpclassifyd
 .text.matherr  0x0008ba44        0x4 c:/program files (x86)/atmel/studio/7.0/toolchain/arm/arm-gnu-toolchain/bin/../lib/gcc/arm-none-eabi/4.9.3/../../../../arm-none-eabi/lib/armv7-m\libm.a(lib_a-s_matherr.o)
                0x0008ba44                matherr
 .text.scalbn   0x0008ba48       0xec c:/program files (x86)/atmel/studio/7.0/toolchain/arm/arm-gnu-toolchain/bin/../lib/gcc/arm-none-eabi/4.9.3/../../../../arm-none-eabi/lib/armv7-m\libm.a(lib_a-s_scalbn.o)
                0x0008ba48                scalbn
 .text.copysign
                0x0008bb34       0x10 c:/program files (x86)/atmel/studio/7.0/toolchain/arm/arm-gnu-toolchain/bin/../lib/gcc/arm-none-eabi/4.9.3/../../../../arm-none-eabi/lib/armv7-m\libm.a(lib_a-s_copysign.o)
                0x0008bb34                copysign
 .text          0x0008bb44      0x370 c:/program files (x86)/atmel/studio/7.0/toolchain/arm/arm-gnu-toolchain/bin/../lib/gcc/arm-none-eabi/4.9.3/armv7-m\libgcc.a(_arm_addsubdf3.o)
                0x0008bb44                __aeabi_drsub
                0x0008bb4c                __aeabi_dsub
                0x0008bb4c                __subdf3
                0x0008bb50                __aeabi_dadd
                0x0008bb50                __adddf3
                0x0008bdc8                __floatunsidf
                0x0008bdc8                __aeabi_ui2d
                0x0008bde8                __floatsidf
                0x0008bde8                __aeabi_i2d
                0x0008be0c                __aeabi_f2d
                0x0008be0c                __extendsfdf2
                0x0008be48                __floatundidf
                0x0008be48                __aeabi_ul2d
                0x0008be58                __floatdidf
                0x0008be58                __aeabi_l2d
 .text          0x0008beb4      0x424 c:/program files (x86)/atmel/studio/7.0/toolchain/arm/arm-gnu-toolchain/bin/../lib/gcc/arm-none-eabi/4.9.3/armv7-m\libgcc.a(_arm_muldivdf3.o)
                0x0008beb4                __aeabi_dmul
                0x0008beb4                __muldf3
                0x0008c108                __divdf3
                0x0008c108                __aeabi_ddiv
 .text          0x0008c2d8      0x110 c:/program files (x86)/atmel/studio/7.0/toolchain/arm/arm-gnu-toolchain/bin/../lib/gcc/arm-none-eabi/4.9.3/armv7-m\libgcc.a(_arm_cmpdf2.o)
                0x0008c2d8                __gtdf2
                0x0008c2d8                __gedf2
                0x0008c2e0                __ltdf2
                0x0008c2e0                __ledf2
                0x0008c2e8                __nedf2
                0x0008c2e8                __eqdf2
                0x0008c2e8                __cmpdf2
                0x0008c364                __aeabi_cdrcmple
                0x0008c374                __aeabi_cdcmpeq
                0x0008c374                __aeabi_cdcmple
                0x0008c384                __aeabi_dcmpeq
                0x0008c398                __aeabi_dcmplt
                0x0008c3ac                __aeabi_dcmple
                0x0008c3c0                __aeabi_dcmpge
                0x0008c3d4                __aeabi_dcmpgt
 .text          0x0008c3e8       0x50 c:/program files (x86)/atmel/studio/7.0/toolchain/arm/arm-gnu-toolchain/bin/../lib/gcc/arm-none-eabi/4.9.3/armv7-m\libgcc.a(_arm_fixdfsi.o)
                0x0008c3e8                __aeabi_d2iz
                0x0008c3e8                __fixdfsi
 .text          0x0008c438       0x40 c:/program files (x86)/atmel/studio/7.0/toolchain/arm/arm-gnu-toolchain/bin/../lib/gcc/arm-none-eabi/4.9.3/armv7-m\libgcc.a(_arm_fixunsdfsi.o)
                0x0008c438                __aeabi_d2uiz
                0x0008c438                __fixunsdfsi
 .text          0x0008c478       0xa0 c:/program files (x86)/atmel/studio/7.0/toolchain/arm/arm-gnu-toolchain/bin/../lib/gcc/arm-none-eabi/4.9.3/armv7-m\libgcc.a(_arm_truncdfsf2.o)
                0x0008c478                __truncdfsf2
                0x0008c478                __aeabi_d2f
 .text          0x0008c518      0x21c c:/program files (x86)/atmel/studio/7.0/toolchain/arm/arm-gnu-toolchain/bin/../lib/gcc/arm-none-eabi/4.9.3/armv7-m\libgcc.a(_arm_addsubsf3.o)
                0x0008c518                __aeabi_frsub
                0x0008c520                __subsf3
                0x0008c520                __aeabi_fsub
                0x0008c524                __aeabi_fadd
                0x0008c524                __addsf3
                0x0008c684                __aeabi_ui2f
                0x0008c684                __floatunsisf
                0x0008c68c                __aeabi_i2f
                0x0008c68c                __floatsisf
                0x0008c6a8                __aeabi_ul2f
                0x0008c6a8                __floatundisf
                0x0008c6b8                __aeabi_l2f
                0x0008c6b8                __floatdisf
 .text          0x0008c734      0x2a0 c:/program files (x86)/atmel/studio/7.0/toolchain/arm/arm-gnu-toolchain/bin/../lib/gcc/arm-none-eabi/4.9.3/armv7-m\libgcc.a(_arm_muldivsf3.o)
                0x0008c734                __mulsf3
                0x0008c734                __aeabi_fmul
                0x0008c89c                __aeabi_fdiv
                0x0008c89c                __divsf3
 .text          0x0008c9d4       0xec c:/program files (x86)/atmel/studio/7.0/toolchain/arm/arm-gnu-toolchain/bin/../lib/gcc/arm-none-eabi/4.9.3/armv7-m\libgcc.a(_arm_cmpsf2.o)
                0x0008c9d4                __gesf2
                0x0008c9d4                __gtsf2
                0x0008c9dc                __lesf2
                0x0008c9dc                __ltsf2
                0x0008c9e4                __nesf2
                0x0008c9e4                __eqsf2
                0x0008c9e4                __cmpsf2
                0x0008ca44                __aeabi_cfrcmple
                0x0008ca4c                __aeabi_cfcmpeq
                0x0008ca4c                __aeabi_cfcmple
                0x0008ca5c                __aeabi_fcmpeq
                0x0008ca70                __aeabi_fcmplt
                0x0008ca84                __aeabi_fcmple
                0x0008ca98                __aeabi_fcmpge
                0x0008caac                __aeabi_fcmpgt
 .text          0x0008cac0       0x4c c:/program files (x86)/atmel/studio/7.0/toolchain/arm/arm-gnu-toolchain/bin/../lib/gcc/arm-none-eabi/4.9.3/armv7-m\libgcc.a(_arm_fixsfsi.o)
                0x0008cac0                __aeabi_f2iz
                0x0008cac0                __fixsfsi
 .text          0x0008cb0c       0x40 c:/program files (x86)/atmel/studio/7.0/toolchain/arm/arm-gnu-toolchain/bin/../lib/gcc/arm-none-eabi/4.9.3/armv7-m\libgcc.a(_arm_fixunssfsi.o)
                0x0008cb0c                __fixunssfsi
                0x0008cb0c                __aeabi_f2uiz
 .text.atol     0x0008cb4c        0x8 c:/program files (x86)/atmel/studio/7.0/toolchain/arm/arm-gnu-toolchain/bin/../lib/gcc/arm-none-eabi/4.9.3/../../../../arm-none-eabi/lib/armv7-m\libc.a(lib_a-atol.o)
                0x0008cb4c                atol
 .text.__errno  0x0008cb54        0xc c:/program files (x86)/atmel/studio/7.0/toolchain/arm/arm-gnu-toolchain/bin/../lib/gcc/arm-none-eabi/4.9.3/../../../../arm-none-eabi/lib/armv7-m\libc.a(lib_a-errno.o)
                0x0008cb54                __errno
 .text.__libc_init_array
                0x0008cb60       0x50 c:/program files (x86)/atmel/studio/7.0/toolchain/arm/arm-gnu-toolchain/bin/../lib/gcc/arm-none-eabi/4.9.3/../../../../arm-none-eabi/lib/armv7-m\libc.a(lib_a-init.o)
                0x0008cb60                __libc_init_array
 .text.malloc   0x0008cbb0       0x10 c:/program files (x86)/atmel/studio/7.0/toolchain/arm/arm-gnu-toolchain/bin/../lib/gcc/arm-none-eabi/4.9.3/../../../../arm-none-eabi/lib/armv7-m\libc.a(lib_a-malloc.o)
                0x0008cbb0                malloc
 .text.free     0x0008cbc0       0x10 c:/program files (x86)/atmel/studio/7.0/toolchain/arm/arm-gnu-toolchain/bin/../lib/gcc/arm-none-eabi/4.9.3/../../../../arm-none-eabi/lib/armv7-m\libc.a(lib_a-malloc.o)
                0x0008cbc0                free
 .text._malloc_r
                0x0008cbd0      0x50c c:/program files (x86)/atmel/studio/7.0/toolchain/arm/arm-gnu-toolchain/bin/../lib/gcc/arm-none-eabi/4.9.3/../../../../arm-none-eabi/lib/armv7-m\libc.a(lib_a-mallocr.o)
                0x0008cbd0                _malloc_r
 .text          0x0008d0dc       0xec c:/program files (x86)/atmel/studio/7.0/toolchain/arm/arm-gnu-toolchain/bin/../lib/gcc/arm-none-eabi/4.9.3/../../../../arm-none-eabi/lib/armv7-m\libc.a(lib_a-memcpy.o)
                0x0008d0dc                memcpy
 .text.memset   0x0008d1c8       0x9c c:/program files (x86)/atmel/studio/7.0/toolchain/arm/arm-gnu-toolchain/bin/../lib/gcc/arm-none-eabi/4.9.3/../../../../arm-none-eabi/lib/armv7-m\libc.a(lib_a-memset.o)
                0x0008d1c8                memset
 .text.__malloc_lock
                0x0008d264        0x4 c:/program files (x86)/atmel/studio/7.0/toolchain/arm/arm-gnu-toolchain/bin/../lib/gcc/arm-none-eabi/4.9.3/../../../../arm-none-eabi/lib/armv7-m\libc.a(lib_a-mlock.o)
                0x0008d264                __malloc_lock
 .text.__malloc_unlock
                0x0008d268        0x4 c:/program files (x86)/atmel/studio/7.0/toolchain/arm/arm-gnu-toolchain/bin/../lib/gcc/arm-none-eabi/4.9.3/../../../../arm-none-eabi/lib/armv7-m\libc.a(lib_a-mlock.o)
                0x0008d268                __malloc_unlock
 .text._sbrk_r  0x0008d26c       0x24 c:/program files (x86)/atmel/studio/7.0/toolchain/arm/arm-gnu-toolchain/bin/../lib/gcc/arm-none-eabi/4.9.3/../../../../arm-none-eabi/lib/armv7-m\libc.a(lib_a-sbrkr.o)
                0x0008d26c                _sbrk_r
 .text.sprintf  0x0008d290       0x4c c:/program files (x86)/atmel/studio/7.0/toolchain/arm/arm-gnu-toolchain/bin/../lib/gcc/arm-none-eabi/4.9.3/../../../../arm-none-eabi/lib/armv7-m\libc.a(lib_a-sprintf.o)
                0x0008d290                sprintf
 .text.strcpy   0x0008d2dc       0xbc c:/program files (x86)/atmel/studio/7.0/toolchain/arm/arm-gnu-toolchain/bin/../lib/gcc/arm-none-eabi/4.9.3/../../../../arm-none-eabi/lib/armv7-m\libc.a(lib_a-strcpy.o)
                0x0008d2dc                strcpy
 .text.strlen   0x0008d398       0x5c c:/program files (x86)/atmel/studio/7.0/toolchain/arm/arm-gnu-toolchain/bin/../lib/gcc/arm-none-eabi/4.9.3/../../../../arm-none-eabi/lib/armv7-m\libc.a(lib_a-strlen.o)
                0x0008d398                strlen
 .text.strncmp  0x0008d3f4       0x94 c:/program files (x86)/atmel/studio/7.0/toolchain/arm/arm-gnu-toolchain/bin/../lib/gcc/arm-none-eabi/4.9.3/../../../../arm-none-eabi/lib/armv7-m\libc.a(lib_a-strncmp.o)
                0x0008d3f4                strncmp
 .text._strtol_r
                0x0008d488      0x11c c:/program files (x86)/atmel/studio/7.0/toolchain/arm/arm-gnu-toolchain/bin/../lib/gcc/arm-none-eabi/4.9.3/../../../../arm-none-eabi/lib/armv7-m\libc.a(lib_a-strtol.o)
                0x0008d488                _strtol_r
 .text.strtol   0x0008d5a4       0x18 c:/program files (x86)/atmel/studio/7.0/toolchain/arm/arm-gnu-toolchain/bin/../lib/gcc/arm-none-eabi/4.9.3/../../../../arm-none-eabi/lib/armv7-m\libc.a(lib_a-strtol.o)
                0x0008d5a4                strtol
 .text._svfprintf_r
                0x0008d5bc     0x14f4 c:/program files (x86)/atmel/studio/7.0/toolchain/arm/arm-gnu-toolchain/bin/../lib/gcc/arm-none-eabi/4.9.3/../../../../arm-none-eabi/lib/armv7-m\libc.a(lib_a-svfprintf.o)
                0x0008d5bc                _svfprintf_r
 .text.startup.register_fini
                0x0008eab0       0x14 c:/program files (x86)/atmel/studio/7.0/toolchain/arm/arm-gnu-toolchain/bin/../lib/gcc/arm-none-eabi/4.9.3/../../../../arm-none-eabi/lib/armv7-m\libc.a(lib_a-__call_atexit.o)
 .text.atexit   0x0008eac4        0xc c:/program files (x86)/atmel/studio/7.0/toolchain/arm/arm-gnu-toolchain/bin/../lib/gcc/arm-none-eabi/4.9.3/../../../../arm-none-eabi/lib/armv7-m\libc.a(lib_a-atexit.o)
                0x0008eac4                atexit
 .text.quorem   0x0008ead0      0x130 c:/program files (x86)/atmel/studio/7.0/toolchain/arm/arm-gnu-toolchain/bin/../lib/gcc/arm-none-eabi/4.9.3/../../../../arm-none-eabi/lib/armv7-m\libc.a(lib_a-dtoa.o)
 .text._dtoa_r  0x0008ec00      0xea4 c:/program files (x86)/atmel/studio/7.0/toolchain/arm/arm-gnu-toolchain/bin/../lib/gcc/arm-none-eabi/4.9.3/../../../../arm-none-eabi/lib/armv7-m\libc.a(lib_a-dtoa.o)
                0x0008ec00                _dtoa_r
 .text.__libc_fini_array
                0x0008faa4       0x2c c:/program files (x86)/atmel/studio/7.0/toolchain/arm/arm-gnu-toolchain/bin/../lib/gcc/arm-none-eabi/4.9.3/../../../../arm-none-eabi/lib/armv7-m\libc.a(lib_a-fini.o)
                0x0008faa4                __libc_fini_array
 .text._malloc_trim_r
                0x0008fad0       0x9c c:/program files (x86)/atmel/studio/7.0/toolchain/arm/arm-gnu-toolchain/bin/../lib/gcc/arm-none-eabi/4.9.3/../../../../arm-none-eabi/lib/armv7-m\libc.a(lib_a-freer.o)
                0x0008fad0                _malloc_trim_r
 .text._free_r  0x0008fb6c      0x1b0 c:/program files (x86)/atmel/studio/7.0/toolchain/arm/arm-gnu-toolchain/bin/../lib/gcc/arm-none-eabi/4.9.3/../../../../arm-none-eabi/lib/armv7-m\libc.a(lib_a-freer.o)
                0x0008fb6c                _free_r
 .text._localeconv_r
                0x0008fd1c        0x8 c:/program files (x86)/atmel/studio/7.0/toolchain/arm/arm-gnu-toolchain/bin/../lib/gcc/arm-none-eabi/4.9.3/../../../../arm-none-eabi/lib/armv7-m\libc.a(lib_a-locale.o)
                0x0008fd1c                _localeconv_r
 .text.memchr   0x0008fd24       0x94 c:/program files (x86)/atmel/studio/7.0/toolchain/arm/arm-gnu-toolchain/bin/../lib/gcc/arm-none-eabi/4.9.3/../../../../arm-none-eabi/lib/armv7-m\libc.a(lib_a-memchr.o)
                0x0008fd24                memchr
 .text._Balloc  0x0008fdb8       0x50 c:/program files (x86)/atmel/studio/7.0/toolchain/arm/arm-gnu-toolchain/bin/../lib/gcc/arm-none-eabi/4.9.3/../../../../arm-none-eabi/lib/armv7-m\libc.a(lib_a-mprec.o)
                0x0008fdb8                _Balloc
 .text._Bfree   0x0008fe08       0x14 c:/program files (x86)/atmel/studio/7.0/toolchain/arm/arm-gnu-toolchain/bin/../lib/gcc/arm-none-eabi/4.9.3/../../../../arm-none-eabi/lib/armv7-m\libc.a(lib_a-mprec.o)
                0x0008fe08                _Bfree
 .text.__multadd
                0x0008fe1c       0x84 c:/program files (x86)/atmel/studio/7.0/toolchain/arm/arm-gnu-toolchain/bin/../lib/gcc/arm-none-eabi/4.9.3/../../../../arm-none-eabi/lib/armv7-m\libc.a(lib_a-mprec.o)
                0x0008fe1c                __multadd
 .text.__hi0bits
                0x0008fea0       0x40 c:/program files (x86)/atmel/studio/7.0/toolchain/arm/arm-gnu-toolchain/bin/../lib/gcc/arm-none-eabi/4.9.3/../../../../arm-none-eabi/lib/armv7-m\libc.a(lib_a-mprec.o)
                0x0008fea0                __hi0bits
 .text.__lo0bits
                0x0008fee0       0x5c c:/program files (x86)/atmel/studio/7.0/toolchain/arm/arm-gnu-toolchain/bin/../lib/gcc/arm-none-eabi/4.9.3/../../../../arm-none-eabi/lib/armv7-m\libc.a(lib_a-mprec.o)
                0x0008fee0                __lo0bits
 .text.__i2b    0x0008ff3c       0x14 c:/program files (x86)/atmel/studio/7.0/toolchain/arm/arm-gnu-toolchain/bin/../lib/gcc/arm-none-eabi/4.9.3/../../../../arm-none-eabi/lib/armv7-m\libc.a(lib_a-mprec.o)
                0x0008ff3c                __i2b
 .text.__multiply
                0x0008ff50      0x140 c:/program files (x86)/atmel/studio/7.0/toolchain/arm/arm-gnu-toolchain/bin/../lib/gcc/arm-none-eabi/4.9.3/../../../../arm-none-eabi/lib/armv7-m\libc.a(lib_a-mprec.o)
                0x0008ff50                __multiply
 .text.__pow5mult
                0x00090090       0xa0 c:/program files (x86)/atmel/studio/7.0/toolchain/arm/arm-gnu-toolchain/bin/../lib/gcc/arm-none-eabi/4.9.3/../../../../arm-none-eabi/lib/armv7-m\libc.a(lib_a-mprec.o)
                0x00090090                __pow5mult
 .text.__lshift
                0x00090130       0xb0 c:/program files (x86)/atmel/studio/7.0/toolchain/arm/arm-gnu-toolchain/bin/../lib/gcc/arm-none-eabi/4.9.3/../../../../arm-none-eabi/lib/armv7-m\libc.a(lib_a-mprec.o)
                0x00090130                __lshift
 .text.__mcmp   0x000901e0       0x48 c:/program files (x86)/atmel/studio/7.0/toolchain/arm/arm-gnu-toolchain/bin/../lib/gcc/arm-none-eabi/4.9.3/../../../../arm-none-eabi/lib/armv7-m\libc.a(lib_a-mprec.o)
                0x000901e0                __mcmp
 .text.__mdiff  0x00090228       0xe4 c:/program files (x86)/atmel/studio/7.0/toolchain/arm/arm-gnu-toolchain/bin/../lib/gcc/arm-none-eabi/4.9.3/../../../../arm-none-eabi/lib/armv7-m\libc.a(lib_a-mprec.o)
                0x00090228                __mdiff
 .text.__d2b    0x0009030c       0xa8 c:/program files (x86)/atmel/studio/7.0/toolchain/arm/arm-gnu-toolchain/bin/../lib/gcc/arm-none-eabi/4.9.3/../../../../arm-none-eabi/lib/armv7-m\libc.a(lib_a-mprec.o)
                0x0009030c                __d2b
 .text.__ssprint_r
                0x000903b4      0x104 c:/program files (x86)/atmel/studio/7.0/toolchain/arm/arm-gnu-toolchain/bin/../lib/gcc/arm-none-eabi/4.9.3/../../../../arm-none-eabi/lib/armv7-m\libc.a(lib_a-svfiprintf.o)
                0x000903b4                __ssprint_r
 .text.__register_exitproc
                0x000904b8       0xa4 c:/program files (x86)/atmel/studio/7.0/toolchain/arm/arm-gnu-toolchain/bin/../lib/gcc/arm-none-eabi/4.9.3/../../../../arm-none-eabi/lib/armv7-m\libc.a(lib_a-__atexit.o)
                0x000904b8                __register_exitproc
 .text._calloc_r
                0x0009055c       0x60 c:/program files (x86)/atmel/studio/7.0/toolchain/arm/arm-gnu-toolchain/bin/../lib/gcc/arm-none-eabi/4.9.3/../../../../arm-none-eabi/lib/armv7-m\libc.a(lib_a-callocr.o)
                0x0009055c                _calloc_r
 .text.memmove  0x000905bc       0xc8 c:/program files (x86)/atmel/studio/7.0/toolchain/arm/arm-gnu-toolchain/bin/../lib/gcc/arm-none-eabi/4.9.3/../../../../arm-none-eabi/lib/armv7-m\libc.a(lib_a-memmove.o)
                0x000905bc                memmove
 .text._realloc_r
                0x00090684      0x3e0 c:/program files (x86)/atmel/studio/7.0/toolchain/arm/arm-gnu-toolchain/bin/../lib/gcc/arm-none-eabi/4.9.3/../../../../arm-none-eabi/lib/armv7-m\libc.a(lib_a-reallocr.o)
                0x00090684                _realloc_r
 .text          0x00090a64       0x30 c:/program files (x86)/atmel/studio/7.0/toolchain/arm/arm-gnu-toolchain/bin/../lib/gcc/arm-none-eabi/4.9.3/armv7-m\libgcc.a(_aeabi_uldivmod.o)
                0x00090a64                __aeabi_uldivmod
 .text          0x00090a94       0x60 c:/program files (x86)/atmel/studio/7.0/toolchain/arm/arm-gnu-toolchain/bin/../lib/gcc/arm-none-eabi/4.9.3/armv7-m\libgcc.a(bpabi.o)
                0x00090a94                __gnu_ldivmod_helper
                0x00090ac4                __gnu_uldivmod_helper
 .text          0x00090af4        0x4 c:/program files (x86)/atmel/studio/7.0/toolchain/arm/arm-gnu-toolchain/bin/../lib/gcc/arm-none-eabi/4.9.3/armv7-m\libgcc.a(_dvmd_tls.o)
                0x00090af4                __aeabi_idiv0
                0x00090af4                __aeabi_ldiv0
 .text          0x00090af8      0x2ac c:/program files (x86)/atmel/studio/7.0/toolchain/arm/arm-gnu-toolchain/bin/../lib/gcc/arm-none-eabi/4.9.3/armv7-m\libgcc.a(_divdi3.o)
                0x00090af8                __divdi3
 .text          0x00090da4      0x270 c:/program files (x86)/atmel/studio/7.0/toolchain/arm/arm-gnu-toolchain/bin/../lib/gcc/arm-none-eabi/4.9.3/armv7-m\libgcc.a(_udivdi3.o)
                0x00090da4                __udivdi3
 *(.glue_7t)
 .glue_7t       0x00000000        0x0 linker stubs
 *(.glue_7)
 .glue_7        0x00000000        0x0 linker stubs
 *(.rodata .rodata* .gnu.linkonce.r.*)
 .rodata        0x00091014      0x450 FatFS/ff.o
 .rodata.str1.4
                0x00091464       0x13 FatFS/ff.o
 *fill*         0x00091477        0x1 
 .rodata.str1.4
                0x00091478       0x80 main.o
                                 0x95 (size before relaxing)
 .rodata        0x000914f8      0x218 ra8875.o
 .rodata.str1.4
                0x00091710       0x93 ra8875.o
                                 0x9b (size before relaxing)
 *fill*         0x000917a3        0x1 
 .rodata.str1.4
                0x000917a4      0x74b report.o
                                0x75b (size before relaxing)
 *fill*         0x00091eef        0x1 
 .rodata.str1.4
                0x00091ef0       0x42 utils.o
                                 0x5a (size before relaxing)
 *fill*         0x00091f32        0x2 
 .rodata.str1.4
                0x00091f34        0x5 c:/program files (x86)/atmel/studio/7.0/toolchain/arm/arm-gnu-toolchain/bin/../lib/gcc/arm-none-eabi/4.9.3/../../../../arm-none-eabi/lib/armv7-m\libm.a(lib_a-w_sqrt.o)
 *fill*         0x00091f39        0x3 
 .rodata.npio2_hw
                0x00091f3c       0x80 c:/program files (x86)/atmel/studio/7.0/toolchain/arm/arm-gnu-toolchain/bin/../lib/gcc/arm-none-eabi/4.9.3/../../../../arm-none-eabi/lib/armv7-m\libm.a(lib_a-e_rem_pio2.o)
 .rodata.two_over_pi
                0x00091fbc      0x108 c:/program files (x86)/atmel/studio/7.0/toolchain/arm/arm-gnu-toolchain/bin/../lib/gcc/arm-none-eabi/4.9.3/../../../../arm-none-eabi/lib/armv7-m\libm.a(lib_a-e_rem_pio2.o)
 .rodata.init_jk
                0x000920c4       0x10 c:/program files (x86)/atmel/studio/7.0/toolchain/arm/arm-gnu-toolchain/bin/../lib/gcc/arm-none-eabi/4.9.3/../../../../arm-none-eabi/lib/armv7-m\libm.a(lib_a-k_rem_pio2.o)
 *fill*         0x000920d4        0x4 
 .rodata.PIo2   0x000920d8       0x40 c:/program files (x86)/atmel/studio/7.0/toolchain/arm/arm-gnu-toolchain/bin/../lib/gcc/arm-none-eabi/4.9.3/../../../../arm-none-eabi/lib/armv7-m\libm.a(lib_a-k_rem_pio2.o)
 .rodata.atanlo
                0x00092118       0x20 c:/program files (x86)/atmel/studio/7.0/toolchain/arm/arm-gnu-toolchain/bin/../lib/gcc/arm-none-eabi/4.9.3/../../../../arm-none-eabi/lib/armv7-m\libm.a(lib_a-s_atan.o)
 .rodata.atanhi
                0x00092138       0x20 c:/program files (x86)/atmel/studio/7.0/toolchain/arm/arm-gnu-toolchain/bin/../lib/gcc/arm-none-eabi/4.9.3/../../../../arm-none-eabi/lib/armv7-m\libm.a(lib_a-s_atan.o)
 .rodata.str1.4
                0x00092158        0x2 c:/program files (x86)/atmel/studio/7.0/toolchain/arm/arm-gnu-toolchain/bin/../lib/gcc/arm-none-eabi/4.9.3/../../../../arm-none-eabi/lib/armv7-m\libc.a(lib_a-impure.o)
 *fill*         0x0009215a        0x2 
 .rodata._global_impure_ptr
                0x0009215c        0x4 c:/program files (x86)/atmel/studio/7.0/toolchain/arm/arm-gnu-toolchain/bin/../lib/gcc/arm-none-eabi/4.9.3/../../../../arm-none-eabi/lib/armv7-m\libc.a(lib_a-impure.o)
                0x0009215c                _global_impure_ptr
 .rodata.zeroes.6911
                0x00092160       0x10 c:/program files (x86)/atmel/studio/7.0/toolchain/arm/arm-gnu-toolchain/bin/../lib/gcc/arm-none-eabi/4.9.3/../../../../arm-none-eabi/lib/armv7-m\libc.a(lib_a-svfprintf.o)
 .rodata.blanks.6910
                0x00092170       0x10 c:/program files (x86)/atmel/studio/7.0/toolchain/arm/arm-gnu-toolchain/bin/../lib/gcc/arm-none-eabi/4.9.3/../../../../arm-none-eabi/lib/armv7-m\libc.a(lib_a-svfprintf.o)
 .rodata.str1.4
                0x00092180       0x3f c:/program files (x86)/atmel/studio/7.0/toolchain/arm/arm-gnu-toolchain/bin/../lib/gcc/arm-none-eabi/4.9.3/../../../../arm-none-eabi/lib/armv7-m\libc.a(lib_a-svfprintf.o)
                                 0x42 (size before relaxing)
 *fill*         0x000921bf        0x1 
 .rodata._ctype_
                0x000921c0      0x101 c:/program files (x86)/atmel/studio/7.0/toolchain/arm/arm-gnu-toolchain/bin/../lib/gcc/arm-none-eabi/4.9.3/../../../../arm-none-eabi/lib/armv7-m\libc.a(lib_a-ctype_.o)
                0x000921c0                _ctype_
 *fill*         0x000922c1        0x3 
 .rodata.str1.4
                0x000922c4       0x10 c:/program files (x86)/atmel/studio/7.0/toolchain/arm/arm-gnu-toolchain/bin/../lib/gcc/arm-none-eabi/4.9.3/../../../../arm-none-eabi/lib/armv7-m\libc.a(lib_a-dtoa.o)
                                 0x12 (size before relaxing)
 .rodata.str1.4
                0x000922d4        0xc c:/program files (x86)/atmel/studio/7.0/toolchain/arm/arm-gnu-toolchain/bin/../lib/gcc/arm-none-eabi/4.9.3/../../../../arm-none-eabi/lib/armv7-m\libc.a(lib_a-locale.o)
                                 0x12 (size before relaxing)
 .rodata.__mprec_tens
                0x000922e0       0xc8 c:/program files (x86)/atmel/studio/7.0/toolchain/arm/arm-gnu-toolchain/bin/../lib/gcc/arm-none-eabi/4.9.3/../../../../arm-none-eabi/lib/armv7-m\libc.a(lib_a-mprec.o)
                0x000922e0                __mprec_tens
 .rodata.p05.5302
                0x000923a8        0xc c:/program files (x86)/atmel/studio/7.0/toolchain/arm/arm-gnu-toolchain/bin/../lib/gcc/arm-none-eabi/4.9.3/../../../../arm-none-eabi/lib/armv7-m\libc.a(lib_a-mprec.o)
 *fill*         0x000923b4        0x4 
 .rodata.__mprec_bigtens
                0x000923b8       0x28 c:/program files (x86)/atmel/studio/7.0/toolchain/arm/arm-gnu-toolchain/bin/../lib/gcc/arm-none-eabi/4.9.3/../../../../arm-none-eabi/lib/armv7-m\libc.a(lib_a-mprec.o)
                0x000923b8                __mprec_bigtens
 *(.ARM.extab* .gnu.linkonce.armextab.*)
                0x000923e0                . = ALIGN (0x4)
 *(.init)
 .init          0x000923e0        0x4 c:/program files (x86)/atmel/studio/7.0/toolchain/arm/arm-gnu-toolchain/bin/../lib/gcc/arm-none-eabi/4.9.3/armv7-m/crti.o
                0x000923e0                _init
 .init          0x000923e4        0x8 c:/program files (x86)/atmel/studio/7.0/toolchain/arm/arm-gnu-toolchain/bin/../lib/gcc/arm-none-eabi/4.9.3/armv7-m/crtn.o
                0x000923ec                . = ALIGN (0x4)
                0x000923ec                __preinit_array_start = .
 *(.preinit_array)
                0x000923ec                __preinit_array_end = .
                0x000923ec                . = ALIGN (0x4)
                0x000923ec                __init_array_start = .
 *(SORT(.init_array.*))
 .init_array.00000
                0x000923ec        0x4 c:/program files (x86)/atmel/studio/7.0/toolchain/arm/arm-gnu-toolchain/bin/../lib/gcc/arm-none-eabi/4.9.3/../../../../arm-none-eabi/lib/armv7-m\libc.a(lib_a-__call_atexit.o)
 *(.init_array)
 .init_array    0x000923f0        0x4 c:/program files (x86)/atmel/studio/7.0/toolchain/arm/arm-gnu-toolchain/bin/../lib/gcc/arm-none-eabi/4.9.3/armv7-m/crtbegin.o
                0x000923f4                __init_array_end = .
                0x000923f4                . = ALIGN (0x4)
 *crtbegin.o(.ctors)
 *(EXCLUDE_FILE(*crtend.o) .ctors)
 *(SORT(.ctors.*))
 *crtend.o(.ctors)
                0x000923f4                . = ALIGN (0x4)
 *(.fini)
 .fini          0x000923f4        0x4 c:/program files (x86)/atmel/studio/7.0/toolchain/arm/arm-gnu-toolchain/bin/../lib/gcc/arm-none-eabi/4.9.3/armv7-m/crti.o
                0x000923f4                _fini
 .fini          0x000923f8        0x8 c:/program files (x86)/atmel/studio/7.0/toolchain/arm/arm-gnu-toolchain/bin/../lib/gcc/arm-none-eabi/4.9.3/armv7-m/crtn.o
                0x00092400                . = ALIGN (0x4)
                0x00092400                __fini_array_start = .
 *(.fini_array)
 .fini_array    0x00092400        0x4 c:/program files (x86)/atmel/studio/7.0/toolchain/arm/arm-gnu-toolchain/bin/../lib/gcc/arm-none-eabi/4.9.3/armv7-m/crtbegin.o
 *(SORT(.fini_array.*))
                0x00092404                __fini_array_end = .
 *crtbegin.o(.dtors)
 *(EXCLUDE_FILE(*crtend.o) .dtors)
 *(SORT(.dtors.*))
 *crtend.o(.dtors)
                0x00092404                . = ALIGN (0x4)
                0x00092404                _efixed = .
                0x00092404                PROVIDE (__exidx_start, .)

.vfp11_veneer   0x00092404        0x0
 .vfp11_veneer  0x00000000        0x0 linker stubs

.v4_bx          0x00092404        0x0
 .v4_bx         0x00000000        0x0 linker stubs

.iplt           0x00092404        0x0
 .iplt          0x00000000        0x0 c:/program files (x86)/atmel/studio/7.0/toolchain/arm/arm-gnu-toolchain/bin/../lib/gcc/arm-none-eabi/4.9.3/armv7-m/crtbegin.o

.ARM.exidx      0x00092404        0x8
 *(.ARM.exidx* .gnu.linkonce.armexidx.*)
 .ARM.exidx     0x00092404        0x8 c:/program files (x86)/atmel/studio/7.0/toolchain/arm/arm-gnu-toolchain/bin/../lib/gcc/arm-none-eabi/4.9.3/armv7-m\libgcc.a(_divdi3.o)
 .ARM.exidx     0x0009240c        0x0 c:/program files (x86)/atmel/studio/7.0/toolchain/arm/arm-gnu-toolchain/bin/../lib/gcc/arm-none-eabi/4.9.3/armv7-m\libgcc.a(_udivdi3.o)
                                  0x8 (size before relaxing)
                0x0009240c                PROVIDE (__exidx_end, .)

.eh_frame       0x0009240c        0x0
 .eh_frame      0x0009240c        0x0 c:/program files (x86)/atmel/studio/7.0/toolchain/arm/arm-gnu-toolchain/bin/../lib/gcc/arm-none-eabi/4.9.3/armv7-m/crtbegin.o

.rel.dyn        0x0009240c        0x0
 .rel.iplt      0x00000000        0x0 c:/program files (x86)/atmel/studio/7.0/toolchain/arm/arm-gnu-toolchain/bin/../lib/gcc/arm-none-eabi/4.9.3/armv7-m/crtbegin.o

.jcr            0x0009240c        0x0
 .jcr           0x0009240c        0x0 c:/program files (x86)/atmel/studio/7.0/toolchain/arm/arm-gnu-toolchain/bin/../lib/gcc/arm-none-eabi/4.9.3/armv7-m/crtbegin.o

.igot.plt       0x0009240c        0x0
 .igot.plt      0x00000000        0x0 c:/program files (x86)/atmel/studio/7.0/toolchain/arm/arm-gnu-toolchain/bin/../lib/gcc/arm-none-eabi/4.9.3/armv7-m/crtbegin.o
                0x0009240c                . = ALIGN (0x4)
                0x0009240c                _etext = .

.relocate       0x20000000      0x8c8 load address 0x0009240c
                0x20000000                . = ALIGN (0x4)
                0x20000000                _srelocate = .
 *(.ramfunc .ramfunc.*)
 *(.data .data.*)
 .data          0x20000000        0x4 Device_Startup/system_sam3xa.o
                0x20000000                SystemCoreClock
 .data          0x20000004       0x48 ra8875.o
                0x20000004                CP852
                0x20000028                Slovak
 .data.__fdlib_version
                0x2000004c        0x1 c:/program files (x86)/atmel/studio/7.0/toolchain/arm/arm-gnu-toolchain/bin/../lib/gcc/arm-none-eabi/4.9.3/../../../../arm-none-eabi/lib/armv7-m\libm.a(lib_a-s_lib_ver.o)
                0x2000004c                __fdlib_version
 *fill*         0x2000004d        0x3 
 .data.impure_data
                0x20000050      0x428 c:/program files (x86)/atmel/studio/7.0/toolchain/arm/arm-gnu-toolchain/bin/../lib/gcc/arm-none-eabi/4.9.3/../../../../arm-none-eabi/lib/armv7-m\libc.a(lib_a-impure.o)
 .data._impure_ptr
                0x20000478        0x4 c:/program files (x86)/atmel/studio/7.0/toolchain/arm/arm-gnu-toolchain/bin/../lib/gcc/arm-none-eabi/4.9.3/../../../../arm-none-eabi/lib/armv7-m\libc.a(lib_a-impure.o)
                0x20000478                _impure_ptr
 .data.__malloc_av_
                0x2000047c      0x408 c:/program files (x86)/atmel/studio/7.0/toolchain/arm/arm-gnu-toolchain/bin/../lib/gcc/arm-none-eabi/4.9.3/../../../../arm-none-eabi/lib/armv7-m\libc.a(lib_a-mallocr.o)
                0x2000047c                __malloc_av_
 .data.__malloc_trim_threshold
                0x20000884        0x4 c:/program files (x86)/atmel/studio/7.0/toolchain/arm/arm-gnu-toolchain/bin/../lib/gcc/arm-none-eabi/4.9.3/../../../../arm-none-eabi/lib/armv7-m\libc.a(lib_a-mallocr.o)
                0x20000884                __malloc_trim_threshold
 .data.__malloc_sbrk_base
                0x20000888        0x4 c:/program files (x86)/atmel/studio/7.0/toolchain/arm/arm-gnu-toolchain/bin/../lib/gcc/arm-none-eabi/4.9.3/../../../../arm-none-eabi/lib/armv7-m\libc.a(lib_a-mallocr.o)
                0x20000888                __malloc_sbrk_base
 .data.__ctype_ptr__
                0x2000088c        0x4 c:/program files (x86)/atmel/studio/7.0/toolchain/arm/arm-gnu-toolchain/bin/../lib/gcc/arm-none-eabi/4.9.3/../../../../arm-none-eabi/lib/armv7-m\libc.a(lib_a-ctype_.o)
                0x2000088c                __ctype_ptr__
 .data.lconv    0x20000890       0x38 c:/program files (x86)/atmel/studio/7.0/toolchain/arm/arm-gnu-toolchain/bin/../lib/gcc/arm-none-eabi/4.9.3/../../../../arm-none-eabi/lib/armv7-m\libc.a(lib_a-locale.o)
                0x200008c8                . = ALIGN (0x4)
                0x200008c8                _erelocate = .

.bss            0x200008c8      0xe20 load address 0x00092cd4
                0x200008c8                . = ALIGN (0x4)
                0x200008c8                _sbss = .
                0x200008c8                _szero = .
 *(.bss .bss.*)
 .bss           0x200008c8       0x1c c:/program files (x86)/atmel/studio/7.0/toolchain/arm/arm-gnu-toolchain/bin/../lib/gcc/arm-none-eabi/4.9.3/armv7-m/crtbegin.o
 .bss           0x200008e4        0x4 efc.o
 .bss           0x200008e8      0x218 FatFS/ff.o
 .bss           0x20000b00        0xc FatFS/LinkedList.o
                0x20000b00                llCount
                0x20000b04                llStart
                0x20000b08                llEnd
 .bss           0x20000b0c      0x100 flash_efc.o
 .bss           0x20000c0c      0x33d planner.o
 .bss           0x20000f49        0x4 ra8875.o
                0x20000f49                IsTouched
                0x20000f4a                needtouch
                0x20000f4b                Calibrating
                0x20000f4c                unpressed
 .bss           0x20000f4d        0x4 serial.o
                0x20000f4d                serial_rx_buffer_tail
                0x20000f4e                serial_rx_buffer_head
                0x20000f4f                serial_tx_buffer_tail
                0x20000f50                serial_tx_buffer_head
 *fill*         0x20000f51        0x3 
 .bss           0x20000f54      0x124 stepper.o
                0x20000f64                stepper_status
                0x20000fd4                last_delay
 .bss           0x20001078        0x4 syscall.o
 .bss           0x2000107c      0x101 utils.o
                0x2000117c                realtime
 *fill*         0x2000117d        0x3 
 .bss.__malloc_max_total_mem
                0x20001180        0x4 c:/program files (x86)/atmel/studio/7.0/toolchain/arm/arm-gnu-toolchain/bin/../lib/gcc/arm-none-eabi/4.9.3/../../../../arm-none-eabi/lib/armv7-m\libc.a(lib_a-mallocr.o)
                0x20001180                __malloc_max_total_mem
 .bss.__malloc_max_sbrked_mem
                0x20001184        0x4 c:/program files (x86)/atmel/studio/7.0/toolchain/arm/arm-gnu-toolchain/bin/../lib/gcc/arm-none-eabi/4.9.3/../../../../arm-none-eabi/lib/armv7-m\libc.a(lib_a-mallocr.o)
                0x20001184                __malloc_max_sbrked_mem
 .bss.__malloc_top_pad
                0x20001188        0x4 c:/program files (x86)/atmel/studio/7.0/toolchain/arm/arm-gnu-toolchain/bin/../lib/gcc/arm-none-eabi/4.9.3/../../../../arm-none-eabi/lib/armv7-m\libc.a(lib_a-mallocr.o)
                0x20001188                __malloc_top_pad
 .bss.__malloc_current_mallinfo
                0x2000118c       0x28 c:/program files (x86)/atmel/studio/7.0/toolchain/arm/arm-gnu-toolchain/bin/../lib/gcc/arm-none-eabi/4.9.3/../../../../arm-none-eabi/lib/armv7-m\libc.a(lib_a-mallocr.o)
                0x2000118c                __malloc_current_mallinfo
 *(COMMON)
 COMMON         0x200011b4        0x3 coolant_control.o
                0x200011b4                sys_rt_exec_state
                0x200011b5                sys_probe_state
                0x200011b6                sys_rt_exec_alarm
 *fill*         0x200011b7        0x1 
 COMMON         0x200011b8       0x10 FatFS/diskio.o
                0x200011b8                hw1
 COMMON         0x200011c8       0x84 gcode.o
                0x200011c8                gc_state
                0x2000120c                gc_block
 COMMON         0x2000124c      0x281 main.o
                0x2000124c                tft_is_text_mode
                0x2000124e                tft_width
                0x20001250                fs
                0x20001480                tft_height
                0x20001482                tft_cursor_type
                0x20001484                sys
                0x200014a4                tft_textScale
                0x200014a8                dir
                0x200014cc                res
 COMMON         0x200014cd        0x1 probe.o
                0x200014cd                probe_invert_mask
 *fill*         0x200014ce        0x2 
 COMMON         0x200014d0       0x40 ra8875.o
                0x200014d0                TouchCalibration
                0x200014ec                dotyk
                0x200014f0                Gall
                0x200014f4                LastTouchYPos
                0x200014f8                TouchYPos
                0x200014fc                Action1
                0x20001500                Action
                0x20001504                TouchXPos
                0x20001508                Gcurrent
                0x2000150c                LastTouchXPos
 COMMON         0x20001510       0x54 settings.o
                0x20001510                settings
 COMMON         0x20001564      0x180 utils.o
                0x20001564                filename
                0x20001664                buffer
 COMMON         0x200016e4        0x4 c:/program files (x86)/atmel/studio/7.0/toolchain/arm/arm-gnu-toolchain/bin/../lib/gcc/arm-none-eabi/4.9.3/../../../../arm-none-eabi/lib/armv7-m\libc.a(lib_a-reent.o)
                0x200016e4                errno
                0x200016e8                . = ALIGN (0x4)
                0x200016e8                _ebss = .
                0x200016e8                _ezero = .

.stack          0x200016e8      0x400 load address 0x00093af4
                0x200016e8                . = ALIGN (0x8)
                0x200016e8                _sstack = .
                0x20001ae8                . = (. + STACK_SIZE)
 *fill*         0x200016e8      0x400 
                0x20001ae8                . = ALIGN (0x8)
                0x20001ae8                _estack = .

.heap           0x20001ae8     0x2000 load address 0x00093ef4
                0x20001ae8                . = ALIGN (0x8)
                0x20001ae8                _sheap = .
                0x20003ae8                . = (. + HEAP_SIZE)
 *fill*         0x20001ae8     0x2000 
                0x20003ae8                . = ALIGN (0x8)
                0x20003ae8                _eheap = .
                0x20003ae8                . = ALIGN (0x4)
                0x20003ae8                _end = .
                0x20017fff                _ram_end_ = ((ORIGIN (ram) + 0x18000) - 0x1)
OUTPUT(grbl-v9.elf elf32-littlearm)

.ARM.attributes
                0x00000000       0x29
 .ARM.attributes
                0x00000000       0x1d c:/program files (x86)/atmel/studio/7.0/toolchain/arm/arm-gnu-toolchain/bin/../lib/gcc/arm-none-eabi/4.9.3/armv7-m/crti.o
 .ARM.attributes
                0x0000001d       0x2d c:/program files (x86)/atmel/studio/7.0/toolchain/arm/arm-gnu-toolchain/bin/../lib/gcc/arm-none-eabi/4.9.3/armv7-m/crtbegin.o
 .ARM.attributes
                0x0000004a       0x33 coolant_control.o
 .ARM.attributes
                0x0000007d       0x33 Device_Startup/startup_sam3xa.o
 .ARM.attributes
                0x000000b0       0x33 Device_Startup/system_sam3xa.o
 .ARM.attributes
                0x000000e3       0x33 eeprom.o
 .ARM.attributes
                0x00000116       0x33 efc.o
 .ARM.attributes
                0x00000149       0x33 FatFS/diskio.o
 .ARM.attributes
                0x0000017c       0x33 FatFS/ff.o
 .ARM.attributes
                0x000001af       0x33 FatFS/LinkedList.o
 .ARM.attributes
                0x000001e2       0x33 flash_efc.o
 .ARM.attributes
                0x00000215       0x33 flash_storage.o
 .ARM.attributes
                0x00000248       0x33 gcode.o
 .ARM.attributes
                0x0000027b       0x33 limits.o
 .ARM.attributes
                0x000002ae       0x33 main.o
 .ARM.attributes
                0x000002e1       0x33 motion_control.o
 .ARM.attributes
                0x00000314       0x33 nuts_bolts.o
 .ARM.attributes
                0x00000347       0x33 planner.o
 .ARM.attributes
                0x0000037a       0x33 print.o
 .ARM.attributes
                0x000003ad       0x33 probe.o
 .ARM.attributes
                0x000003e0       0x33 protocol.o
 .ARM.attributes
                0x00000413       0x33 ra8875.o
 .ARM.attributes
                0x00000446       0x33 report.o
 .ARM.attributes
                0x00000479       0x33 serial.o
 .ARM.attributes
                0x000004ac       0x33 settings.o
 .ARM.attributes
                0x000004df       0x33 spindle_control.o
 .ARM.attributes
                0x00000512       0x33 stepper.o
 .ARM.attributes
                0x00000545       0x33 syscall.o
 .ARM.attributes
                0x00000578       0x33 system.o
 .ARM.attributes
                0x000005ab       0x33 utils.o
 .ARM.attributes
                0x000005de       0x2d c:/program files (x86)/atmel/studio/7.0/toolchain/arm/arm-gnu-toolchain/bin/../lib/gcc/arm-none-eabi/4.9.3/../../../../arm-none-eabi/lib/armv7-m\libm.a(lib_a-s_ceil.o)
 .ARM.attributes
                0x0000060b       0x2d c:/program files (x86)/atmel/studio/7.0/toolchain/arm/arm-gnu-toolchain/bin/../lib/gcc/arm-none-eabi/4.9.3/../../../../arm-none-eabi/lib/armv7-m\libm.a(lib_a-s_cos.o)
 .ARM.attributes
                0x00000638       0x2d c:/program files (x86)/atmel/studio/7.0/toolchain/arm/arm-gnu-toolchain/bin/../lib/gcc/arm-none-eabi/4.9.3/../../../../arm-none-eabi/lib/armv7-m\libm.a(lib_a-s_floor.o)
 .ARM.attributes
                0x00000665       0x2d c:/program files (x86)/atmel/studio/7.0/toolchain/arm/arm-gnu-toolchain/bin/../lib/gcc/arm-none-eabi/4.9.3/../../../../arm-none-eabi/lib/armv7-m\libm.a(lib_a-s_lround.o)
 .ARM.attributes
                0x00000692       0x2d c:/program files (x86)/atmel/studio/7.0/toolchain/arm/arm-gnu-toolchain/bin/../lib/gcc/arm-none-eabi/4.9.3/../../../../arm-none-eabi/lib/armv7-m\libm.a(lib_a-s_round.o)
 .ARM.attributes
                0x000006bf       0x2d c:/program files (x86)/atmel/studio/7.0/toolchain/arm/arm-gnu-toolchain/bin/../lib/gcc/arm-none-eabi/4.9.3/../../../../arm-none-eabi/lib/armv7-m\libm.a(lib_a-s_sin.o)
 .ARM.attributes
                0x000006ec       0x2d c:/program files (x86)/atmel/studio/7.0/toolchain/arm/arm-gnu-toolchain/bin/../lib/gcc/arm-none-eabi/4.9.3/../../../../arm-none-eabi/lib/armv7-m\libm.a(lib_a-s_trunc.o)
 .ARM.attributes
                0x00000719       0x2d c:/program files (x86)/atmel/studio/7.0/toolchain/arm/arm-gnu-toolchain/bin/../lib/gcc/arm-none-eabi/4.9.3/../../../../arm-none-eabi/lib/armv7-m\libm.a(lib_a-w_atan2.o)
 .ARM.attributes
                0x00000746       0x2d c:/program files (x86)/atmel/studio/7.0/toolchain/arm/arm-gnu-toolchain/bin/../lib/gcc/arm-none-eabi/4.9.3/../../../../arm-none-eabi/lib/armv7-m\libm.a(lib_a-w_sqrt.o)
 .ARM.attributes
                0x00000773       0x2d c:/program files (x86)/atmel/studio/7.0/toolchain/arm/arm-gnu-toolchain/bin/../lib/gcc/arm-none-eabi/4.9.3/../../../../arm-none-eabi/lib/armv7-m\libm.a(lib_a-e_atan2.o)
 .ARM.attributes
                0x000007a0       0x2d c:/program files (x86)/atmel/studio/7.0/toolchain/arm/arm-gnu-toolchain/bin/../lib/gcc/arm-none-eabi/4.9.3/../../../../arm-none-eabi/lib/armv7-m\libm.a(lib_a-e_rem_pio2.o)
 .ARM.attributes
                0x000007cd       0x2d c:/program files (x86)/atmel/studio/7.0/toolchain/arm/arm-gnu-toolchain/bin/../lib/gcc/arm-none-eabi/4.9.3/../../../../arm-none-eabi/lib/armv7-m\libm.a(lib_a-e_sqrt.o)
 .ARM.attributes
                0x000007fa       0x2d c:/program files (x86)/atmel/studio/7.0/toolchain/arm/arm-gnu-toolchain/bin/../lib/gcc/arm-none-eabi/4.9.3/../../../../arm-none-eabi/lib/armv7-m\libm.a(lib_a-k_cos.o)
 .ARM.attributes
                0x00000827       0x2d c:/program files (x86)/atmel/studio/7.0/toolchain/arm/arm-gnu-toolchain/bin/../lib/gcc/arm-none-eabi/4.9.3/../../../../arm-none-eabi/lib/armv7-m\libm.a(lib_a-k_rem_pio2.o)
 .ARM.attributes
                0x00000854       0x2d c:/program files (x86)/atmel/studio/7.0/toolchain/arm/arm-gnu-toolchain/bin/../lib/gcc/arm-none-eabi/4.9.3/../../../../arm-none-eabi/lib/armv7-m\libm.a(lib_a-k_sin.o)
 .ARM.attributes
                0x00000881       0x2d c:/program files (x86)/atmel/studio/7.0/toolchain/arm/arm-gnu-toolchain/bin/../lib/gcc/arm-none-eabi/4.9.3/../../../../arm-none-eabi/lib/armv7-m\libm.a(lib_a-s_atan.o)
 .ARM.attributes
                0x000008ae       0x2d c:/program files (x86)/atmel/studio/7.0/toolchain/arm/arm-gnu-toolchain/bin/../lib/gcc/arm-none-eabi/4.9.3/../../../../arm-none-eabi/lib/armv7-m\libm.a(lib_a-s_fabs.o)
 .ARM.attributes
                0x000008db       0x2d c:/program files (x86)/atmel/studio/7.0/toolchain/arm/arm-gnu-toolchain/bin/../lib/gcc/arm-none-eabi/4.9.3/../../../../arm-none-eabi/lib/armv7-m\libm.a(lib_a-s_fpclassify.o)
 .ARM.attributes
                0x00000908       0x2d c:/program files (x86)/atmel/studio/7.0/toolchain/arm/arm-gnu-toolchain/bin/../lib/gcc/arm-none-eabi/4.9.3/../../../../arm-none-eabi/lib/armv7-m\libm.a(lib_a-s_lib_ver.o)
 .ARM.attributes
                0x00000935       0x2d c:/program files (x86)/atmel/studio/7.0/toolchain/arm/arm-gnu-toolchain/bin/../lib/gcc/arm-none-eabi/4.9.3/../../../../arm-none-eabi/lib/armv7-m\libm.a(lib_a-s_matherr.o)
 .ARM.attributes
                0x00000962       0x2d c:/program files (x86)/atmel/studio/7.0/toolchain/arm/arm-gnu-toolchain/bin/../lib/gcc/arm-none-eabi/4.9.3/../../../../arm-none-eabi/lib/armv7-m\libm.a(lib_a-s_scalbn.o)
 .ARM.attributes
                0x0000098f       0x2d c:/program files (x86)/atmel/studio/7.0/toolchain/arm/arm-gnu-toolchain/bin/../lib/gcc/arm-none-eabi/4.9.3/../../../../arm-none-eabi/lib/armv7-m\libm.a(lib_a-s_copysign.o)
 .ARM.attributes
                0x000009bc       0x1d c:/program files (x86)/atmel/studio/7.0/toolchain/arm/arm-gnu-toolchain/bin/../lib/gcc/arm-none-eabi/4.9.3/armv7-m\libgcc.a(_arm_addsubdf3.o)
 .ARM.attributes
                0x000009d9       0x1d c:/program files (x86)/atmel/studio/7.0/toolchain/arm/arm-gnu-toolchain/bin/../lib/gcc/arm-none-eabi/4.9.3/armv7-m\libgcc.a(_arm_muldivdf3.o)
 .ARM.attributes
                0x000009f6       0x1d c:/program files (x86)/atmel/studio/7.0/toolchain/arm/arm-gnu-toolchain/bin/../lib/gcc/arm-none-eabi/4.9.3/armv7-m\libgcc.a(_arm_cmpdf2.o)
 .ARM.attributes
                0x00000a13       0x1d c:/program files (x86)/atmel/studio/7.0/toolchain/arm/arm-gnu-toolchain/bin/../lib/gcc/arm-none-eabi/4.9.3/armv7-m\libgcc.a(_arm_fixdfsi.o)
 .ARM.attributes
                0x00000a30       0x1d c:/program files (x86)/atmel/studio/7.0/toolchain/arm/arm-gnu-toolchain/bin/../lib/gcc/arm-none-eabi/4.9.3/armv7-m\libgcc.a(_arm_fixunsdfsi.o)
 .ARM.attributes
                0x00000a4d       0x1d c:/program files (x86)/atmel/studio/7.0/toolchain/arm/arm-gnu-toolchain/bin/../lib/gcc/arm-none-eabi/4.9.3/armv7-m\libgcc.a(_arm_truncdfsf2.o)
 .ARM.attributes
                0x00000a6a       0x1d c:/program files (x86)/atmel/studio/7.0/toolchain/arm/arm-gnu-toolchain/bin/../lib/gcc/arm-none-eabi/4.9.3/armv7-m\libgcc.a(_arm_addsubsf3.o)
 .ARM.attributes
                0x00000a87       0x1d c:/program files (x86)/atmel/studio/7.0/toolchain/arm/arm-gnu-toolchain/bin/../lib/gcc/arm-none-eabi/4.9.3/armv7-m\libgcc.a(_arm_muldivsf3.o)
 .ARM.attributes
                0x00000aa4       0x1d c:/program files (x86)/atmel/studio/7.0/toolchain/arm/arm-gnu-toolchain/bin/../lib/gcc/arm-none-eabi/4.9.3/armv7-m\libgcc.a(_arm_cmpsf2.o)
 .ARM.attributes
                0x00000ac1       0x1d c:/program files (x86)/atmel/studio/7.0/toolchain/arm/arm-gnu-toolchain/bin/../lib/gcc/arm-none-eabi/4.9.3/armv7-m\libgcc.a(_arm_fixsfsi.o)
 .ARM.attributes
                0x00000ade       0x1d c:/program files (x86)/atmel/studio/7.0/toolchain/arm/arm-gnu-toolchain/bin/../lib/gcc/arm-none-eabi/4.9.3/armv7-m\libgcc.a(_arm_fixunssfsi.o)
 .ARM.attributes
                0x00000afb       0x2d c:/program files (x86)/atmel/studio/7.0/toolchain/arm/arm-gnu-toolchain/bin/../lib/gcc/arm-none-eabi/4.9.3/../../../../arm-none-eabi/lib/armv7-m\libc.a(lib_a-atol.o)
 .ARM.attributes
                0x00000b28       0x2d c:/program files (x86)/atmel/studio/7.0/toolchain/arm/arm-gnu-toolchain/bin/../lib/gcc/arm-none-eabi/4.9.3/../../../../arm-none-eabi/lib/armv7-m\libc.a(lib_a-errno.o)
 .ARM.attributes
                0x00000b55       0x2d c:/program files (x86)/atmel/studio/7.0/toolchain/arm/arm-gnu-toolchain/bin/../lib/gcc/arm-none-eabi/4.9.3/../../../../arm-none-eabi/lib/armv7-m\libc.a(lib_a-impure.o)
 .ARM.attributes
                0x00000b82       0x2d c:/program files (x86)/atmel/studio/7.0/toolchain/arm/arm-gnu-toolchain/bin/../lib/gcc/arm-none-eabi/4.9.3/../../../../arm-none-eabi/lib/armv7-m\libc.a(lib_a-init.o)
 .ARM.attributes
                0x00000baf       0x2d c:/program files (x86)/atmel/studio/7.0/toolchain/arm/arm-gnu-toolchain/bin/../lib/gcc/arm-none-eabi/4.9.3/../../../../arm-none-eabi/lib/armv7-m\libc.a(lib_a-malloc.o)
 .ARM.attributes
                0x00000bdc       0x2d c:/program files (x86)/atmel/studio/7.0/toolchain/arm/arm-gnu-toolchain/bin/../lib/gcc/arm-none-eabi/4.9.3/../../../../arm-none-eabi/lib/armv7-m\libc.a(lib_a-mallocr.o)
 .ARM.attributes
                0x00000c09       0x1b c:/program files (x86)/atmel/studio/7.0/toolchain/arm/arm-gnu-toolchain/bin/../lib/gcc/arm-none-eabi/4.9.3/../../../../arm-none-eabi/lib/armv7-m\libc.a(lib_a-memcpy.o)
 .ARM.attributes
                0x00000c24       0x2d c:/program files (x86)/atmel/studio/7.0/toolchain/arm/arm-gnu-toolchain/bin/../lib/gcc/arm-none-eabi/4.9.3/../../../../arm-none-eabi/lib/armv7-m\libc.a(lib_a-memset.o)
 .ARM.attributes
                0x00000c51       0x2d c:/program files (x86)/atmel/studio/7.0/toolchain/arm/arm-gnu-toolchain/bin/../lib/gcc/arm-none-eabi/4.9.3/../../../../arm-none-eabi/lib/armv7-m\libc.a(lib_a-mlock.o)
 .ARM.attributes
                0x00000c7e       0x2d c:/program files (x86)/atmel/studio/7.0/toolchain/arm/arm-gnu-toolchain/bin/../lib/gcc/arm-none-eabi/4.9.3/../../../../arm-none-eabi/lib/armv7-m\libc.a(lib_a-sbrkr.o)
 .ARM.attributes
                0x00000cab       0x2d c:/program files (x86)/atmel/studio/7.0/toolchain/arm/arm-gnu-toolchain/bin/../lib/gcc/arm-none-eabi/4.9.3/../../../../arm-none-eabi/lib/armv7-m\libc.a(lib_a-sprintf.o)
 .ARM.attributes
                0x00000cd8       0x2d c:/program files (x86)/atmel/studio/7.0/toolchain/arm/arm-gnu-toolchain/bin/../lib/gcc/arm-none-eabi/4.9.3/../../../../arm-none-eabi/lib/armv7-m\libc.a(lib_a-strcpy.o)
 .ARM.attributes
                0x00000d05       0x2d c:/program files (x86)/atmel/studio/7.0/toolchain/arm/arm-gnu-toolchain/bin/../lib/gcc/arm-none-eabi/4.9.3/../../../../arm-none-eabi/lib/armv7-m\libc.a(lib_a-strlen.o)
 .ARM.attributes
                0x00000d32       0x2d c:/program files (x86)/atmel/studio/7.0/toolchain/arm/arm-gnu-toolchain/bin/../lib/gcc/arm-none-eabi/4.9.3/../../../../arm-none-eabi/lib/armv7-m\libc.a(lib_a-strncmp.o)
 .ARM.attributes
                0x00000d5f       0x2d c:/program files (x86)/atmel/studio/7.0/toolchain/arm/arm-gnu-toolchain/bin/../lib/gcc/arm-none-eabi/4.9.3/../../../../arm-none-eabi/lib/armv7-m\libc.a(lib_a-strtol.o)
 .ARM.attributes
                0x00000d8c       0x2d c:/program files (x86)/atmel/studio/7.0/toolchain/arm/arm-gnu-toolchain/bin/../lib/gcc/arm-none-eabi/4.9.3/../../../../arm-none-eabi/lib/armv7-m\libc.a(lib_a-svfprintf.o)
 .ARM.attributes
                0x00000db9       0x2d c:/program files (x86)/atmel/studio/7.0/toolchain/arm/arm-gnu-toolchain/bin/../lib/gcc/arm-none-eabi/4.9.3/../../../../arm-none-eabi/lib/armv7-m\libc.a(lib_a-__call_atexit.o)
 .ARM.attributes
                0x00000de6       0x2d c:/program files (x86)/atmel/studio/7.0/toolchain/arm/arm-gnu-toolchain/bin/../lib/gcc/arm-none-eabi/4.9.3/../../../../arm-none-eabi/lib/armv7-m\libc.a(lib_a-atexit.o)
 .ARM.attributes
                0x00000e13       0x2d c:/program files (x86)/atmel/studio/7.0/toolchain/arm/arm-gnu-toolchain/bin/../lib/gcc/arm-none-eabi/4.9.3/../../../../arm-none-eabi/lib/armv7-m\libc.a(lib_a-ctype_.o)
 .ARM.attributes
                0x00000e40       0x2d c:/program files (x86)/atmel/studio/7.0/toolchain/arm/arm-gnu-toolchain/bin/../lib/gcc/arm-none-eabi/4.9.3/../../../../arm-none-eabi/lib/armv7-m\libc.a(lib_a-dtoa.o)
 .ARM.attributes
                0x00000e6d       0x2d c:/program files (x86)/atmel/studio/7.0/toolchain/arm/arm-gnu-toolchain/bin/../lib/gcc/arm-none-eabi/4.9.3/../../../../arm-none-eabi/lib/armv7-m\libc.a(lib_a-fini.o)
 .ARM.attributes
                0x00000e9a       0x2d c:/program files (x86)/atmel/studio/7.0/toolchain/arm/arm-gnu-toolchain/bin/../lib/gcc/arm-none-eabi/4.9.3/../../../../arm-none-eabi/lib/armv7-m\libc.a(lib_a-freer.o)
 .ARM.attributes
                0x00000ec7       0x2d c:/program files (x86)/atmel/studio/7.0/toolchain/arm/arm-gnu-toolchain/bin/../lib/gcc/arm-none-eabi/4.9.3/../../../../arm-none-eabi/lib/armv7-m\libc.a(lib_a-locale.o)
 .ARM.attributes
                0x00000ef4       0x2d c:/program files (x86)/atmel/studio/7.0/toolchain/arm/arm-gnu-toolchain/bin/../lib/gcc/arm-none-eabi/4.9.3/../../../../arm-none-eabi/lib/armv7-m\libc.a(lib_a-memchr.o)
 .ARM.attributes
                0x00000f21       0x2d c:/program files (x86)/atmel/studio/7.0/toolchain/arm/arm-gnu-toolchain/bin/../lib/gcc/arm-none-eabi/4.9.3/../../../../arm-none-eabi/lib/armv7-m\libc.a(lib_a-mprec.o)
 .ARM.attributes
                0x00000f4e       0x2d c:/program files (x86)/atmel/studio/7.0/toolchain/arm/arm-gnu-toolchain/bin/../lib/gcc/arm-none-eabi/4.9.3/../../../../arm-none-eabi/lib/armv7-m\libc.a(lib_a-reent.o)
 .ARM.attributes
                0x00000f7b       0x2d c:/program files (x86)/atmel/studio/7.0/toolchain/arm/arm-gnu-toolchain/bin/../lib/gcc/arm-none-eabi/4.9.3/../../../../arm-none-eabi/lib/armv7-m\libc.a(lib_a-svfiprintf.o)
 .ARM.attributes
                0x00000fa8       0x2d c:/program files (x86)/atmel/studio/7.0/toolchain/arm/arm-gnu-toolchain/bin/../lib/gcc/arm-none-eabi/4.9.3/../../../../arm-none-eabi/lib/armv7-m\libc.a(lib_a-__atexit.o)
 .ARM.attributes
                0x00000fd5       0x2d c:/program files (x86)/atmel/studio/7.0/toolchain/arm/arm-gnu-toolchain/bin/../lib/gcc/arm-none-eabi/4.9.3/../../../../arm-none-eabi/lib/armv7-m\libc.a(lib_a-callocr.o)
 .ARM.attributes
                0x00001002       0x2d c:/program files (x86)/atmel/studio/7.0/toolchain/arm/arm-gnu-toolchain/bin/../lib/gcc/arm-none-eabi/4.9.3/../../../../arm-none-eabi/lib/armv7-m\libc.a(lib_a-memmove.o)
 .ARM.attributes
                0x0000102f       0x2d c:/program files (x86)/atmel/studio/7.0/toolchain/arm/arm-gnu-toolchain/bin/../lib/gcc/arm-none-eabi/4.9.3/../../../../arm-none-eabi/lib/armv7-m\libc.a(lib_a-reallocr.o)
 .ARM.attributes
                0x0000105c       0x1d c:/program files (x86)/atmel/studio/7.0/toolchain/arm/arm-gnu-toolchain/bin/../lib/gcc/arm-none-eabi/4.9.3/armv7-m\libgcc.a(_aeabi_uldivmod.o)
 .ARM.attributes
                0x00001079       0x2d c:/program files (x86)/atmel/studio/7.0/toolchain/arm/arm-gnu-toolchain/bin/../lib/gcc/arm-none-eabi/4.9.3/armv7-m\libgcc.a(bpabi.o)
 .ARM.attributes
                0x000010a6       0x1d c:/program files (x86)/atmel/studio/7.0/toolchain/arm/arm-gnu-toolchain/bin/../lib/gcc/arm-none-eabi/4.9.3/armv7-m\libgcc.a(_dvmd_tls.o)
 .ARM.attributes
                0x000010c3       0x2d c:/program files (x86)/atmel/studio/7.0/toolchain/arm/arm-gnu-toolchain/bin/../lib/gcc/arm-none-eabi/4.9.3/armv7-m\libgcc.a(_divdi3.o)
 .ARM.attributes
                0x000010f0       0x2d c:/program files (x86)/atmel/studio/7.0/toolchain/arm/arm-gnu-toolchain/bin/../lib/gcc/arm-none-eabi/4.9.3/armv7-m\libgcc.a(_udivdi3.o)
 .ARM.attributes
                0x0000111d       0x1d c:/program files (x86)/atmel/studio/7.0/toolchain/arm/arm-gnu-toolchain/bin/../lib/gcc/arm-none-eabi/4.9.3/armv7-m/crtn.o

.comment        0x00000000       0x5b
 .comment       0x00000000       0x5b coolant_control.o
                                 0x5c (size before relaxing)
 .comment       0x00000000       0x5c Device_Startup/startup_sam3xa.o
 .comment       0x00000000       0x5c Device_Startup/system_sam3xa.o
 .comment       0x00000000       0x5c eeprom.o
 .comment       0x00000000       0x5c efc.o
 .comment       0x00000000       0x5c FatFS/diskio.o
 .comment       0x00000000       0x5c FatFS/ff.o
 .comment       0x00000000       0x5c FatFS/LinkedList.o
 .comment       0x00000000       0x5c flash_efc.o
 .comment       0x00000000       0x5c flash_storage.o
 .comment       0x00000000       0x5c gcode.o
 .comment       0x00000000       0x5c limits.o
 .comment       0x00000000       0x5c main.o
 .comment       0x00000000       0x5c motion_control.o
 .comment       0x00000000       0x5c nuts_bolts.o
 .comment       0x00000000       0x5c planner.o
 .comment       0x00000000       0x5c print.o
 .comment       0x00000000       0x5c probe.o
 .comment       0x00000000       0x5c protocol.o
 .comment       0x00000000       0x5c ra8875.o
 .comment       0x00000000       0x5c report.o
 .comment       0x00000000       0x5c serial.o
 .comment       0x00000000       0x5c settings.o
 .comment       0x00000000       0x5c spindle_control.o
 .comment       0x00000000       0x5c stepper.o